#-----------------------------------------------------------
# Vivado v2023.2 (64-bit)
# SW Build 4029153 on Fri Oct 13 20:13:54 MDT 2023
# IP Build 4028589 on Sat Oct 14 00:45:43 MDT 2023
# SharedData Build 4025554 on Tue Oct 10 17:18:54 MDT 2023
# Start of session at: Fri Mar 14 15:48:23 2025
# Process ID: 199320
# Current directory: /home/02-comp-arch-f/comparch_lab2
# Command line: vivado
# Log file: /home/02-comp-arch-f/comparch_lab2/vivado.log
# Journal file: /home/02-comp-arch-f/comparch_lab2/vivado.jou
# Running On: CEAT-ENDV350-02L, OS: Linux, CPU Frequency: 4256.971 MHz, CPU Physical cores: 14, Host memory: 16438 MB
#-----------------------------------------------------------
start_gui
WARNING: [Board 49-26] cannot add Board Part xilinx.com:kcu105:part0:1.6 available at /opt/Xilinx/Vivado/2023.2/data/xhub/boards/XilinxBoardStore/boards/Xilinx/kcu105/1.6/board.xml as part xcku040-ffva1156-2-e specified in board_part file is either invalid or not available
WARNING: [Board 49-26] cannot add Board Part xilinx.com:kcu105:part0:1.7 available at /opt/Xilinx/Vivado/2023.2/data/xhub/boards/XilinxBoardStore/boards/Xilinx/kcu105/1.7/board.xml as part xcku040-ffva1156-2-e specified in board_part file is either invalid or not available
WARNING: [Board 49-26] cannot add Board Part xilinx.com:kcu116:part0:1.4 available at /opt/Xilinx/Vivado/2023.2/data/xhub/boards/XilinxBoardStore/boards/Xilinx/kcu116/1.4/board.xml as part xcku5p-ffvb676-2-e specified in board_part file is either invalid or not available
WARNING: [Board 49-26] cannot add Board Part xilinx.com:kcu116:part0:1.5 available at /opt/Xilinx/Vivado/2023.2/data/xhub/boards/XilinxBoardStore/boards/Xilinx/kcu116/1.5/board.xml as part xcku5p-ffvb676-2-e specified in board_part file is either invalid or not available
WARNING: [Board 49-26] cannot add Board Part xilinx.com:kcu1500:part0:1.2 available at /opt/Xilinx/Vivado/2023.2/data/xhub/boards/XilinxBoardStore/boards/Xilinx/kcu1500/1.2/board.xml as part xcku115-flvb2104-2-e specified in board_part file is either invalid or not available
WARNING: [Board 49-26] cannot add Board Part xilinx.com:vck190:part0:2.2 available at /opt/Xilinx/Vivado/2023.2/data/xhub/boards/XilinxBoardStore/boards/Xilinx/vck190/production/2.2/board.xml as part xcvc1902-vsva2197-2mp-e-s specified in board_part file is either invalid or not available
WARNING: [Board 49-26] cannot add Board Part xilinx.com:vck190:part0:3.0 available at /opt/Xilinx/Vivado/2023.2/data/xhub/boards/XilinxBoardStore/boards/Xilinx/vck190/production/3.0/board.xml as part xcvc1902-vsva2197-2mp-e-s specified in board_part file is either invalid or not available
WARNING: [Board 49-26] cannot add Board Part xilinx.com:vck190:part0:3.1 available at /opt/Xilinx/Vivado/2023.2/data/xhub/boards/XilinxBoardStore/boards/Xilinx/vck190/production/3.1/board.xml as part xcvc1902-vsva2197-2mp-e-s specified in board_part file is either invalid or not available
WARNING: [Board 49-26] cannot add Board Part xilinx.com:vck190:part0:3.2 available at /opt/Xilinx/Vivado/2023.2/data/xhub/boards/XilinxBoardStore/boards/Xilinx/vck190/production/3.2/board.xml as part xcvc1902-vsva2197-2mp-e-s specified in board_part file is either invalid or not available
WARNING: [Board 49-26] cannot add Board Part xilinx.com:vck190_newl:part0:1.0 available at /opt/Xilinx/Vivado/2023.2/data/xhub/boards/XilinxBoardStore/boards/Xilinx/vck190_newl/production/1.0/board.xml as part xcvc1902-vsva2197-2mp-e-s specified in board_part file is either invalid or not available
WARNING: [Board 49-26] cannot add Board Part xilinx.com:vck190_newl:part0:1.1 available at /opt/Xilinx/Vivado/2023.2/data/xhub/boards/XilinxBoardStore/boards/Xilinx/vck190_newl/production/1.1/board.xml as part xcvc1902-vsva2197-2mp-e-s specified in board_part file is either invalid or not available
WARNING: [Board 49-26] cannot add Board Part xilinx.com:vcu108:part0:1.6 available at /opt/Xilinx/Vivado/2023.2/data/xhub/boards/XilinxBoardStore/boards/Xilinx/vcu108/1.6/board.xml as part xcvu095-ffva2104-2-e specified in board_part file is either invalid or not available
WARNING: [Board 49-26] cannot add Board Part xilinx.com:vcu108:part0:1.7 available at /opt/Xilinx/Vivado/2023.2/data/xhub/boards/XilinxBoardStore/boards/Xilinx/vcu108/1.7/board.xml as part xcvu095-ffva2104-2-e specified in board_part file is either invalid or not available
WARNING: [Board 49-26] cannot add Board Part xilinx.com:vcu110:part0:1.4 available at /opt/Xilinx/Vivado/2023.2/data/xhub/boards/XilinxBoardStore/boards/Xilinx/vcu110/1.4/board.xml as part xcvu190-flgc2104-2-e specified in board_part file is either invalid or not available
WARNING: [Board 49-26] cannot add Board Part xilinx.com:vcu118:part0:2.0 available at /opt/Xilinx/Vivado/2023.2/data/xhub/boards/XilinxBoardStore/boards/Xilinx/vcu118/2.0/board.xml as part xcvu9p-flga2104-2l-e specified in board_part file is either invalid or not available
WARNING: [Board 49-26] cannot add Board Part xilinx.com:vcu118:part0:2.3 available at /opt/Xilinx/Vivado/2023.2/data/xhub/boards/XilinxBoardStore/boards/Xilinx/vcu118/2.3/board.xml as part xcvu9p-flga2104-2l-e specified in board_part file is either invalid or not available
WARNING: [Board 49-26] cannot add Board Part xilinx.com:vcu118:part0:2.4 available at /opt/Xilinx/Vivado/2023.2/data/xhub/boards/XilinxBoardStore/boards/Xilinx/vcu118/2.4/board.xml as part xcvu9p-flga2104-2l-e specified in board_part file is either invalid or not available
WARNING: [Board 49-26] cannot add Board Part xilinx.com:vcu128:part0:1.0 available at /opt/Xilinx/Vivado/2023.2/data/xhub/boards/XilinxBoardStore/boards/Xilinx/vcu128/production/1.0/board.xml as part xcvu37p-fsvh2892-2l-e specified in board_part file is either invalid or not available
WARNING: [Board 49-26] cannot add Board Part xilinx.com:vcu129:part0:1.0 available at /opt/Xilinx/Vivado/2023.2/data/xhub/boards/XilinxBoardStore/boards/Xilinx/vcu129/production/1.0/board.xml as part xcvu29p-fsga2577-2l-e specified in board_part file is either invalid or not available
WARNING: [Board 49-26] cannot add Board Part xilinx.com:vcu1525:part0:1.3 available at /opt/Xilinx/Vivado/2023.2/data/xhub/boards/XilinxBoardStore/boards/Xilinx/vcu1525/1.3/board.xml as part xcvu9p-fsgd2104-2l-e specified in board_part file is either invalid or not available
WARNING: [Board 49-26] cannot add Board Part xilinx.com:vek280:part0:1.0 available at /opt/Xilinx/Vivado/2023.2/data/xhub/boards/XilinxBoardStore/boards/Xilinx/vek280/production/1.0/board.xml as part xcve2802-vsvh1760-2mp-e-s specified in board_part file is either invalid or not available
WARNING: [Board 49-26] cannot add Board Part xilinx.com:vek280_es:part0:1.0 available at /opt/Xilinx/Vivado/2023.2/data/xhub/boards/XilinxBoardStore/boards/Xilinx/vek280/es/rev_a/1.0/board.xml as part xcve2802-vsvh1760-2lp-e-s-es1 specified in board_part file is either invalid or not available
WARNING: [Board 49-26] cannot add Board Part xilinx.com:vek280_es:part0:1.1 available at /opt/Xilinx/Vivado/2023.2/data/xhub/boards/XilinxBoardStore/boards/Xilinx/vek280/es/rev_a/1.1/board.xml as part xcve2802-vsvh1760-2lp-e-s-es1 specified in board_part file is either invalid or not available
WARNING: [Board 49-26] cannot add Board Part xilinx.com:vek280_es_revb:part0:1.0 available at /opt/Xilinx/Vivado/2023.2/data/xhub/boards/XilinxBoardStore/boards/Xilinx/vek280/es/rev_b/1.0/board.xml as part xcve2802-vsvh1760-2mp-e-s-es1 specified in board_part file is either invalid or not available
WARNING: [Board 49-26] cannot add Board Part xilinx.com:vek280_es_revb:part0:1.1 available at /opt/Xilinx/Vivado/2023.2/data/xhub/boards/XilinxBoardStore/boards/Xilinx/vek280/es/rev_b/1.1/board.xml as part xcve2802-vsvh1760-2mp-e-s-es1 specified in board_part file is either invalid or not available
WARNING: [Board 49-26] cannot add Board Part xilinx.com:vhk158:part0:1.0 available at /opt/Xilinx/Vivado/2023.2/data/xhub/boards/XilinxBoardStore/boards/Xilinx/vhk158/production/1.0/board.xml as part xcvh1582-vsva3697-2mp-e-s specified in board_part file is either invalid or not available
WARNING: [Board 49-26] cannot add Board Part xilinx.com:vhk158:part0:1.1 available at /opt/Xilinx/Vivado/2023.2/data/xhub/boards/XilinxBoardStore/boards/Xilinx/vhk158/production/1.1/board.xml as part xcvh1582-vsva3697-2mp-e-s specified in board_part file is either invalid or not available
WARNING: [Board 49-26] cannot add Board Part xilinx.com:vhk158_es:part0:1.0 available at /opt/Xilinx/Vivado/2023.2/data/xhub/boards/XilinxBoardStore/boards/Xilinx/vhk158/es/1.0/board.xml as part xcvh1582-vsva3697-2mp-e-s-es1 specified in board_part file is either invalid or not available
WARNING: [Board 49-26] cannot add Board Part xilinx.com:vhk158_es:part0:1.1 available at /opt/Xilinx/Vivado/2023.2/data/xhub/boards/XilinxBoardStore/boards/Xilinx/vhk158/es/1.1/board.xml as part xcvh1582-vsva3697-2mp-e-s-es1 specified in board_part file is either invalid or not available
WARNING: [Board 49-26] cannot add Board Part xilinx.com:vmk180:part0:2.2 available at /opt/Xilinx/Vivado/2023.2/data/xhub/boards/XilinxBoardStore/boards/Xilinx/vmk180/production/2.2/board.xml as part xcvm1802-vsva2197-2mp-e-s specified in board_part file is either invalid or not available
WARNING: [Board 49-26] cannot add Board Part xilinx.com:vmk180:part0:3.0 available at /opt/Xilinx/Vivado/2023.2/data/xhub/boards/XilinxBoardStore/boards/Xilinx/vmk180/production/3.0/board.xml as part xcvm1802-vsva2197-2mp-e-s specified in board_part file is either invalid or not available
WARNING: [Board 49-26] cannot add Board Part xilinx.com:vmk180:part0:3.1 available at /opt/Xilinx/Vivado/2023.2/data/xhub/boards/XilinxBoardStore/boards/Xilinx/vmk180/production/3.1/board.xml as part xcvm1802-vsva2197-2mp-e-s specified in board_part file is either invalid or not available
WARNING: [Board 49-26] cannot add Board Part xilinx.com:vmk180:part0:3.2 available at /opt/Xilinx/Vivado/2023.2/data/xhub/boards/XilinxBoardStore/boards/Xilinx/vmk180/production/3.2/board.xml as part xcvm1802-vsva2197-2mp-e-s specified in board_part file is either invalid or not available
WARNING: [Board 49-26] cannot add Board Part xilinx.com:vmk180_newl:part0:1.0 available at /opt/Xilinx/Vivado/2023.2/data/xhub/boards/XilinxBoardStore/boards/Xilinx/vmk180_newl/production/1.0/board.xml as part xcvm1802-vsva2197-2mp-e-s specified in board_part file is either invalid or not available
WARNING: [Board 49-26] cannot add Board Part xilinx.com:vmk180_newl:part0:1.1 available at /opt/Xilinx/Vivado/2023.2/data/xhub/boards/XilinxBoardStore/boards/Xilinx/vmk180_newl/production/1.1/board.xml as part xcvm1802-vsva2197-2mp-e-s specified in board_part file is either invalid or not available
WARNING: [Board 49-26] cannot add Board Part xilinx.com:vpk120:part0:1.0 available at /opt/Xilinx/Vivado/2023.2/data/xhub/boards/XilinxBoardStore/boards/Xilinx/vpk120/production/1.0/board.xml as part xcvp1202-vsva2785-2mp-e-s specified in board_part file is either invalid or not available
WARNING: [Board 49-26] cannot add Board Part xilinx.com:vpk120:part0:1.1 available at /opt/Xilinx/Vivado/2023.2/data/xhub/boards/XilinxBoardStore/boards/Xilinx/vpk120/production/1.1/board.xml as part xcvp1202-vsva2785-2mp-e-s specified in board_part file is either invalid or not available
WARNING: [Board 49-26] cannot add Board Part xilinx.com:vpk120:part0:1.2 available at /opt/Xilinx/Vivado/2023.2/data/xhub/boards/XilinxBoardStore/boards/Xilinx/vpk120/production/1.2/board.xml as part xcvp1202-vsva2785-2mp-e-s specified in board_part file is either invalid or not available
WARNING: [Board 49-26] cannot add Board Part xilinx.com:vpk180:part0:1.0 available at /opt/Xilinx/Vivado/2023.2/data/xhub/boards/XilinxBoardStore/boards/Xilinx/vpk180/production/1.0/board.xml as part xcvp1802-lsvc4072-2mp-e-s specified in board_part file is either invalid or not available
WARNING: [Board 49-26] cannot add Board Part xilinx.com:vpk180:part0:1.1 available at /opt/Xilinx/Vivado/2023.2/data/xhub/boards/XilinxBoardStore/boards/Xilinx/vpk180/production/1.1/board.xml as part xcvp1802-lsvc4072-2mp-e-s specified in board_part file is either invalid or not available
WARNING: [Board 49-26] cannot add Board Part xilinx.com:zcu208ld:part0:2.0 available at /opt/Xilinx/Vivado/2023.2/data/xhub/boards/XilinxBoardStore/boards/Xilinx/zcu208ld/production/2.0/board.xml as part xczu58dr-fsvg1517-2-i specified in board_part file is either invalid or not available
WARNING: [Board 49-26] cannot add Board Part xilinx.com:zcu216ld:part0:2.0 available at /opt/Xilinx/Vivado/2023.2/data/xhub/boards/XilinxBoardStore/boards/Xilinx/zcu216ld/production/2.0/board.xml as part xczu59dr-ffvf1760-2-i specified in board_part file is either invalid or not available
WARNING: [Board 49-26] cannot add Board Part xilinx.com:zcu670:part0:2.0 available at /opt/Xilinx/Vivado/2023.2/data/xhub/boards/XilinxBoardStore/boards/Xilinx/zcu670/2.0/board.xml as part xczu67dr-fsve1156-2-i specified in board_part file is either invalid or not available
WARNING: [Board 49-26] cannot add Board Part xilinx.com:zcu670ld:part0:1.0 available at /opt/Xilinx/Vivado/2023.2/data/xhub/boards/XilinxBoardStore/boards/Xilinx/zcu670ld/1.0/board.xml as part xczu57dr-fsve1156-2-i specified in board_part file is either invalid or not available
open_project /home/02-comp-arch-f/comparch_lab2/lab2/lab2/lab2.xpr
INFO: [Project 1-313] Project file moved from '/home/ross/repos/ELVIS/lab2' since last save.
CRITICAL WARNING: [Project 1-311] Could not find the file '/home/02-comp-arch-f/comparch_lab2/lab2/lab2/src/riscv_single.sv', nor could it be found using path '/home/ross/repos/ELVIS/lab2/src/riscv_single.sv'.
CRITICAL WARNING: [Project 1-311] Could not find the file '/home/02-comp-arch-f/comparch_lab2/lab2/lab2/lab2.srcs/sources_1/imports/Desktop/top.v', nor could it be found using path '/home/ross/repos/ELVIS/lab2/lab2.srcs/sources_1/imports/Desktop/top.v'.
CRITICAL WARNING: [Project 1-311] Could not find the file '/home/02-comp-arch-f/comparch_lab2/lab2/lab2/lab2.srcs/sources_1/imports/Desktop/imem.v', nor could it be found using path '/home/ross/repos/ELVIS/lab2/lab2.srcs/sources_1/imports/Desktop/imem.v'.
CRITICAL WARNING: [Project 1-311] Could not find the file '/home/02-comp-arch-f/comparch_lab2/lab2/lab2/lab2.srcs/sources_1/imports/Desktop/memcontroller.v', nor could it be found using path '/home/ross/repos/ELVIS/lab2/lab2.srcs/sources_1/imports/Desktop/memcontroller.v'.
Scanning sources...
Finished scanning sources
INFO: [IP_Flow 19-234] Refreshing IP repositories
INFO: [IP_Flow 19-1700] Loaded user IP repository '/home/02-comp-arch-f/comparch_lab2/lab2/lab2/lab2.ipdefs/ip_repo_BAK_0_0_0'.
INFO: [IP_Flow 19-2313] Loaded Vivado IP repository '/opt/Xilinx/Vivado/2023.2/data/ip'.
WARNING: [BD 41-1661] One or more IPs have been locked in the design 'design_1.bd'. Please run report_ip_status for more details and recommendations on how to fix this issue.
List of locked IPs:
design_1_rst_ps7_0_50M_0
design_1_axi_smc_0

INFO: [Project 1-230] Project 'lab2.xpr' upgraded for this version of Vivado.
upgrade_project -migrate_output_products
INFO: [BD 41-2710] Migrated 'design_1_processing_system7_0_0.xci'
  Source files are located in '/home/02-comp-arch-f/comparch_lab2/lab2/lab2/lab2.srcs/sources_1/bd/design_1/ip/design_1_processing_system7_0_0'
  Output files are located in '/home/02-comp-arch-f/comparch_lab2/lab2/lab2/lab2.gen/sources_1/bd/design_1/ip/design_1_processing_system7_0_0'.
INFO: [BD 41-2710] Migrated 'design_1_AXI_Converter_0_0.xci'
  Source files are located in '/home/02-comp-arch-f/comparch_lab2/lab2/lab2/lab2.srcs/sources_1/bd/design_1/ip/design_1_AXI_Converter_0_0'
  Output files are located in '/home/02-comp-arch-f/comparch_lab2/lab2/lab2/lab2.gen/sources_1/bd/design_1/ip/design_1_AXI_Converter_0_0'.
WARNING: [IP_Flow 19-2162] IP 'bd_afc3_one_0' is locked:
* IP definition 'Constant (1.1)' for IP 'bd_afc3_one_0' (customized with software release 2020.2) has a different revision in the IP Catalog.
WARNING: [IP_Flow 19-2162] IP 'bd_afc3_psr_aclk_0' is locked:
* IP definition 'Processor System Reset (5.0)' for IP 'bd_afc3_psr_aclk_0' (customized with software release 2020.2) has a different revision in the IP Catalog.
WARNING: [IP_Flow 19-2162] IP 'bd_afc3_s00mmu_0' is locked:
* IP definition 'SC MMU (1.0)' for IP 'bd_afc3_s00mmu_0' (customized with software release 2020.2) has a different revision in the IP Catalog.
WARNING: [IP_Flow 19-2162] IP 'bd_afc3_s00tr_0' is locked:
* IP definition 'SC TRANSACTION_REGULATOR (1.0)' for IP 'bd_afc3_s00tr_0' (customized with software release 2020.2) has a different revision in the IP Catalog.
WARNING: [IP_Flow 19-2162] IP 'bd_afc3_s00sic_0' is locked:
* IP definition 'SC SI_CONVERTER (1.0)' for IP 'bd_afc3_s00sic_0' (customized with software release 2020.2) has a different revision in the IP Catalog.
WARNING: [IP_Flow 19-2162] IP 'bd_afc3_s00a2s_0' is locked:
* IP definition 'SmartConnect AXI2SC Bridge (1.0)' for IP 'bd_afc3_s00a2s_0' (customized with software release 2020.2) has a different revision in the IP Catalog.
WARNING: [IP_Flow 19-2162] IP 'bd_afc3_sarn_0' is locked:
* IP definition 'SmartConnect Node (1.0)' for IP 'bd_afc3_sarn_0' (customized with software release 2020.2) has a different revision in the IP Catalog.
WARNING: [IP_Flow 19-2162] IP 'bd_afc3_srn_0' is locked:
* IP definition 'SmartConnect Node (1.0)' for IP 'bd_afc3_srn_0' (customized with software release 2020.2) has a different revision in the IP Catalog.
WARNING: [IP_Flow 19-2162] IP 'bd_afc3_sawn_0' is locked:
* IP definition 'SmartConnect Node (1.0)' for IP 'bd_afc3_sawn_0' (customized with software release 2020.2) has a different revision in the IP Catalog.
WARNING: [IP_Flow 19-2162] IP 'bd_afc3_swn_0' is locked:
* IP definition 'SmartConnect Node (1.0)' for IP 'bd_afc3_swn_0' (customized with software release 2020.2) has a different revision in the IP Catalog.
WARNING: [IP_Flow 19-2162] IP 'bd_afc3_sbn_0' is locked:
* IP definition 'SmartConnect Node (1.0)' for IP 'bd_afc3_sbn_0' (customized with software release 2020.2) has a different revision in the IP Catalog.
WARNING: [IP_Flow 19-2162] IP 'bd_afc3_m00s2a_0' is locked:
* IP definition 'SmartConnect SC2AXI Bridge (1.0)' for IP 'bd_afc3_m00s2a_0' (customized with software release 2020.2) has a different revision in the IP Catalog.
WARNING: [IP_Flow 19-2162] IP 'bd_afc3_m00e_0' is locked:
* IP definition 'SC EXIT (1.0)' for IP 'bd_afc3_m00e_0' (customized with software release 2020.2) has a different revision in the IP Catalog.
WARNING: [IP_Flow 19-2162] IP 'design_1_axi_smc_0' is locked:
* IP definition 'AXI SmartConnect (1.0)' for IP 'design_1_axi_smc_0' (customized with software release 2020.2) has a different revision in the IP Catalog. * IP 'design_1_axi_smc_0' contains one or more locked subcores.
INFO: [BD 41-2710] Migrated 'design_1_axi_smc_0.xci'
  Source files are located in '/home/02-comp-arch-f/comparch_lab2/lab2/lab2/lab2.srcs/sources_1/bd/design_1/ip/design_1_axi_smc_0'
  Output files are located in '/home/02-comp-arch-f/comparch_lab2/lab2/lab2/lab2.gen/sources_1/bd/design_1/ip/design_1_axi_smc_0'.
WARNING: [IP_Flow 19-2162] IP 'design_1_rst_ps7_0_50M_0' is locked:
* IP definition 'Processor System Reset (5.0)' for IP 'design_1_rst_ps7_0_50M_0' (customized with software release 2019.1) has a different revision in the IP Catalog.
INFO: [BD 41-2710] Migrated 'design_1_rst_ps7_0_50M_0.xci'
  Source files are located in '/home/02-comp-arch-f/comparch_lab2/lab2/lab2/lab2.srcs/sources_1/bd/design_1/ip/design_1_rst_ps7_0_50M_0'
  Output files are located in '/home/02-comp-arch-f/comparch_lab2/lab2/lab2/lab2.gen/sources_1/bd/design_1/ip/design_1_rst_ps7_0_50M_0'.
WARNING: [IP_Flow 19-3571] IP 'design_1_top_0_0' is restricted:
* Detected changes to module reference file(s).
INFO: [BD 41-2710] Migrated 'design_1_top_0_0.xci'
  Source files are located in '/home/02-comp-arch-f/comparch_lab2/lab2/lab2/lab2.srcs/sources_1/bd/design_1/ip/design_1_top_0_0'
  Output files are located in '/home/02-comp-arch-f/comparch_lab2/lab2/lab2/lab2.gen/sources_1/bd/design_1/ip/design_1_top_0_0'.
update_compile_order -fileset sources_1
pwd
/home/02-comp-arch-f/comparch_lab2
cd ../../02-comp-arch-f/Desktop
source setup.tcl
# import_files -norecurse riscv_single.sv
# update_compile_order -fileset sources_1
# update_module_reference design_1_top_0_0
INFO: [IP_Flow 19-5107] Inferred bus interface 'reset' of definition 'xilinx.com:signal:reset:1.0' (from Xilinx Repository).
INFO: [IP_Flow 19-5107] Inferred bus interface 'clk' of definition 'xilinx.com:signal:clock:1.0' (from Xilinx Repository).
INFO: [IP_Flow 19-4728] Bus Interface 'clk': Added interface parameter 'ASSOCIATED_RESET' with value 'reset'.
WARNING: [IP_Flow 19-5661] Bus Interface 'clk' does not have any bus interfaces associated with it.
WARNING: [IP_Flow 19-11770] Clock interface 'clk' has no FREQ_HZ parameter.
INFO: [IP_Flow 19-5107] Inferred bus interface 'reset' of definition 'xilinx.com:signal:reset:1.0' (from Xilinx Repository).
INFO: [IP_Flow 19-5107] Inferred bus interface 'clk' of definition 'xilinx.com:signal:clock:1.0' (from Xilinx Repository).
INFO: [IP_Flow 19-4728] Bus Interface 'clk': Added interface parameter 'ASSOCIATED_RESET' with value 'reset'.
WARNING: [IP_Flow 19-5661] Bus Interface 'clk' does not have any bus interfaces associated with it.
WARNING: [IP_Flow 19-11770] Clock interface 'clk' has no FREQ_HZ parameter.
Reading block design file </home/02-comp-arch-f/comparch_lab2/lab2/lab2/lab2.srcs/sources_1/bd/design_1/design_1.bd>...
Adding component instance block -- xilinx.com:ip:processing_system7:5.5 - processing_system7_0
Adding component instance block -- okstate.edu:user:AXI_Converter:1.1 - AXI_Converter_0
Adding component instance block -- xilinx.com:ip:proc_sys_reset:5.0 - rst_ps7_0_50M
Adding component instance block -- xilinx.com:ip:smartconnect:1.0 - axi_smc
Adding component instance block -- xilinx.com:module_ref:top:1.0 - top_0
Successfully read diagram <design_1> from block design file </home/02-comp-arch-f/comparch_lab2/lab2/lab2/lab2.srcs/sources_1/bd/design_1/design_1.bd>
Upgrading '/home/02-comp-arch-f/comparch_lab2/lab2/lab2/lab2.srcs/sources_1/bd/design_1/design_1.bd'
INFO: [IP_Flow 19-3420] Updated design_1_top_0_0 to use current project options
Wrote  : </home/02-comp-arch-f/comparch_lab2/lab2/lab2/lab2.srcs/sources_1/bd/design_1/design_1.bd> 
Wrote  : </home/02-comp-arch-f/comparch_lab2/lab2/lab2/lab2.srcs/sources_1/bd/design_1/ui/bd_1f5defd0.ui> 
# reset_run synth_1
# launch_runs impl_1 -to_step write_bitstream -jobs 5
INFO: [IP_Flow 19-6924] IPCACHE: Running cache check for IP inst: design_1_top_0_0
WARNING: [Vivado 12-4802] The synthesis checkpoint for IP '/home/02-comp-arch-f/comparch_lab2/lab2/lab2/lab2.srcs/sources_1/bd/design_1/ip/design_1_top_0_0/design_1_top_0_0.xci' is not generated and IP is locked. An out-of-context (OOC) run will be created and/or launched, but synthesis may not be able to complete or could result in incorrect behavior.
Please select 'Report IP Status' from the 'Tools/Report' menu or run Tcl command 'report_ip_status' for more information.
WARNING: [Runs 36-337] The following IPs are either missing output products or output products are not up-to-date for Synthesis target. Since these IPs are locked, no update to the output products can be done. 
Please select 'Report IP Status' from the 'Tools/Report' menu or run Tcl command 'report_ip_status' for more information.
/home/02-comp-arch-f/comparch_lab2/lab2/lab2/lab2.srcs/sources_1/bd/design_1/design_1.bd

WARNING: [Runs 36-337] The following IPs are either missing output products or output products are not up-to-date for Implementation target. Since these IPs are locked, no update to the output products can be done. 
Please select 'Report IP Status' from the 'Tools/Report' menu or run Tcl command 'report_ip_status' for more information.
/home/02-comp-arch-f/comparch_lab2/lab2/lab2/lab2.srcs/sources_1/bd/design_1/design_1.bd

[Fri Mar 14 15:53:15 2025] Launched design_1_top_0_0_synth_1, synth_1...
Run output will be captured here:
design_1_top_0_0_synth_1: /home/02-comp-arch-f/comparch_lab2/lab2/lab2/lab2.runs/design_1_top_0_0_synth_1/runme.log
synth_1: /home/02-comp-arch-f/comparch_lab2/lab2/lab2/lab2.runs/synth_1/runme.log
[Fri Mar 14 15:53:15 2025] Launched impl_1...
Run output will be captured here: /home/02-comp-arch-f/comparch_lab2/lab2/lab2/lab2.runs/impl_1/runme.log
0
add_files -norecurse /home/02-comp-arch-f/Desktop/riscv_single.sv
update_compile_order -fileset sources_1
open_hw_manager
connect_hw_server -allow_non_jtag
INFO: [Labtools 27-2285] Connecting to hw_server url TCP:localhost:3121
INFO: [Labtools 27-2222] Launching hw_server...
INFO: [Labtools 27-2221] Launch Output:

****** Xilinx hw_server v2023.2
  **** Build date : Oct 13 2023 at 20:26:23
    ** Copyright 1986-2022 Xilinx, Inc. All Rights Reserved.


INFO: [Labtools 27-3415] Connecting to cs_server url TCP:localhost:0
INFO: [Labtools 27-3417] Launching cs_server...
INFO: [Labtools 27-2221] Launch Output:


******** Xilinx cs_server v2023.2.0
  ****** Build date   : Oct 09 2023-23:01:56
    **** Build number : 2023.2.1696910516
      ** Copyright 2017-2022 Xilinx, Inc. All Rights Reserved.
      ** Copyright 2022-2025 Advanced Micro Devices, Inc. All Rights Reserved.



disconnect_hw_server localhost:3121
connect_hw_server -allow_non_jtag
INFO: [Labtools 27-2285] Connecting to hw_server url TCP:localhost:3121
INFO: [Labtools 27-3415] Connecting to cs_server url TCP:localhost:0
INFO: [Labtools 27-3417] Launching cs_server...
INFO: [Labtools 27-2221] Launch Output:


******** Xilinx cs_server v2023.2.0
  ****** Build date   : Oct 09 2023-23:01:56
    **** Build number : 2023.2.1696910516
      ** Copyright 2017-2022 Xilinx, Inc. All Rights Reserved.
      ** Copyright 2022-2025 Advanced Micro Devices, Inc. All Rights Reserved.



disconnect_hw_server localhost:3121
connect_hw_server -allow_non_jtag
INFO: [Labtools 27-2285] Connecting to hw_server url TCP:localhost:3121
INFO: [Labtools 27-3415] Connecting to cs_server url TCP:localhost:0
INFO: [Labtools 27-3417] Launching cs_server...
INFO: [Labtools 27-2221] Launch Output:


******** Xilinx cs_server v2023.2.0
  ****** Build date   : Oct 09 2023-23:01:56
    **** Build number : 2023.2.1696910516
      ** Copyright 2017-2022 Xilinx, Inc. All Rights Reserved.
      ** Copyright 2022-2025 Advanced Micro Devices, Inc. All Rights Reserved.



export_ip_user_files -of_objects  [get_files /home/02-comp-arch-f/Desktop/riscv_single.sv] -no_script -reset -force -quiet
remove_files  /home/02-comp-arch-f/Desktop/riscv_single.sv
WARNING: [filemgmt 56-199] Attempt to get parsing info during refresh. "On-the-fly" syntax checking information may be incorrect. [/home/02-comp-arch-f/comparch_lab2/lab2/lab2/lab2.srcs/sources_1/imports/Desktop/riscv_single.sv:]
WARNING: [filemgmt 56-199] Attempt to get parsing info during refresh. "On-the-fly" syntax checking information may be incorrect. [/home/02-comp-arch-f/comparch_lab2/lab2/lab2/lab2.gen/sources_1/bd/design_1/hdl/design_1_wrapper.v:]
WARNING: [filemgmt 56-199] Attempt to get parsing info during refresh. "On-the-fly" syntax checking information may be incorrect. [/home/02-comp-arch-f/comparch_lab2/lab2/lab2/src/top.v:]
WARNING: [filemgmt 56-199] Attempt to get parsing info during refresh. "On-the-fly" syntax checking information may be incorrect. [/home/02-comp-arch-f/comparch_lab2/lab2/lab2/lab2.srcs/sources_1/imports/Desktop/riscv_single.sv:]
WARNING: [filemgmt 56-199] Attempt to get parsing info during refresh. "On-the-fly" syntax checking information may be incorrect. [/home/02-comp-arch-f/comparch_lab2/lab2/lab2/lab2.gen/sources_1/bd/design_1/hdl/design_1_wrapper.v:]
WARNING: [filemgmt 56-199] Attempt to get parsing info during refresh. "On-the-fly" syntax checking information may be incorrect. [/home/02-comp-arch-f/comparch_lab2/lab2/lab2/src/top.v:]
create_bd_design "design_2"
Wrote  : </home/02-comp-arch-f/comparch_lab2/lab2/lab2/lab2.srcs/sources_1/bd/design_2/design_2.bd> 
WARNING: [filemgmt 56-199] Attempt to get parsing info during refresh. "On-the-fly" syntax checking information may be incorrect. [/home/02-comp-arch-f/comparch_lab2/lab2/lab2/lab2.srcs/sources_1/imports/Desktop/riscv_single.sv:]
WARNING: [filemgmt 56-199] Attempt to get parsing info during refresh. "On-the-fly" syntax checking information may be incorrect. [/home/02-comp-arch-f/comparch_lab2/lab2/lab2/lab2.gen/sources_1/bd/design_1/hdl/design_1_wrapper.v:]
WARNING: [filemgmt 56-199] Attempt to get parsing info during refresh. "On-the-fly" syntax checking information may be incorrect. [/home/02-comp-arch-f/comparch_lab2/lab2/lab2/src/top.v:]
WARNING: [filemgmt 56-199] Attempt to get parsing info during refresh. "On-the-fly" syntax checking information may be incorrect. [/home/02-comp-arch-f/comparch_lab2/lab2/lab2/lab2.srcs/sources_1/imports/Desktop/riscv_single.sv:]
WARNING: [filemgmt 56-199] Attempt to get parsing info during refresh. "On-the-fly" syntax checking information may be incorrect. [/home/02-comp-arch-f/comparch_lab2/lab2/lab2/lab2.gen/sources_1/bd/design_1/hdl/design_1_wrapper.v:]
WARNING: [filemgmt 56-199] Attempt to get parsing info during refresh. "On-the-fly" syntax checking information may be incorrect. [/home/02-comp-arch-f/comparch_lab2/lab2/lab2/src/top.v:]
update_compile_order -fileset sources_1
WARNING: [filemgmt 56-199] Attempt to get parsing info during refresh. "On-the-fly" syntax checking information may be incorrect. [/home/02-comp-arch-f/comparch_lab2/lab2/lab2/lab2.srcs/sources_1/imports/Desktop/riscv_single.sv:]
WARNING: [filemgmt 56-199] Attempt to get parsing info during refresh. "On-the-fly" syntax checking information may be incorrect. [/home/02-comp-arch-f/comparch_lab2/lab2/lab2/lab2.gen/sources_1/bd/design_1/hdl/design_1_wrapper.v:]
WARNING: [filemgmt 56-199] Attempt to get parsing info during refresh. "On-the-fly" syntax checking information may be incorrect. [/home/02-comp-arch-f/comparch_lab2/lab2/lab2/src/top.v:]
WARNING: [filemgmt 56-199] Attempt to get parsing info during refresh. "On-the-fly" syntax checking information may be incorrect. [/home/02-comp-arch-f/comparch_lab2/lab2/lab2/lab2.srcs/sources_1/imports/Desktop/riscv_single.sv:]
WARNING: [filemgmt 56-199] Attempt to get parsing info during refresh. "On-the-fly" syntax checking information may be incorrect. [/home/02-comp-arch-f/comparch_lab2/lab2/lab2/lab2.gen/sources_1/bd/design_1/hdl/design_1_wrapper.v:]
WARNING: [filemgmt 56-199] Attempt to get parsing info during refresh. "On-the-fly" syntax checking information may be incorrect. [/home/02-comp-arch-f/comparch_lab2/lab2/lab2/src/top.v:]
generate_target all [get_files  /home/02-comp-arch-f/comparch_lab2/lab2/lab2/lab2.srcs/sources_1/bd/design_2/design_2.bd]
Wrote  : </home/02-comp-arch-f/comparch_lab2/lab2/lab2/lab2.srcs/sources_1/bd/design_2/design_2.bd> 
Wrote  : </home/02-comp-arch-f/comparch_lab2/lab2/lab2/lab2.srcs/sources_1/bd/design_2/ui/bd_1fdbff51.ui> 
Verilog Output written to : /home/02-comp-arch-f/comparch_lab2/lab2/lab2/lab2.gen/sources_1/bd/design_2/synth/design_2.v
Verilog Output written to : /home/02-comp-arch-f/comparch_lab2/lab2/lab2/lab2.gen/sources_1/bd/design_2/sim/design_2.v
Verilog Output written to : /home/02-comp-arch-f/comparch_lab2/lab2/lab2/lab2.gen/sources_1/bd/design_2/hdl/design_2_wrapper.v
Exporting to file /home/02-comp-arch-f/comparch_lab2/lab2/lab2/lab2.gen/sources_1/bd/design_2/hw_handoff/design_2.hwh
Generated Hardware Definition File /home/02-comp-arch-f/comparch_lab2/lab2/lab2/lab2.gen/sources_1/bd/design_2/synth/design_2.hwdef
export_ip_user_files -of_objects [get_files /home/02-comp-arch-f/comparch_lab2/lab2/lab2/lab2.srcs/sources_1/bd/design_2/design_2.bd] -no_script -sync -force -quiet
INFO: [Vivado 12-23855] The given sub-design is auto disabled, no action will be taken: '/home/02-comp-arch-f/comparch_lab2/lab2/lab2/lab2.srcs/sources_1/bd/design_2/design_2.bd'
export_simulation -of_objects [get_files /home/02-comp-arch-f/comparch_lab2/lab2/lab2/lab2.srcs/sources_1/bd/design_2/design_2.bd] -directory /home/02-comp-arch-f/comparch_lab2/lab2/lab2/lab2.ip_user_files/sim_scripts -ip_user_files_dir /home/02-comp-arch-f/comparch_lab2/lab2/lab2/lab2.ip_user_files -ipstatic_source_dir /home/02-comp-arch-f/comparch_lab2/lab2/lab2/lab2.ip_user_files/ipstatic -lib_map_path [list {modelsim=/home/02-comp-arch-f/comparch_lab2/lab2/lab2/lab2.cache/compile_simlib/modelsim} {questa=/home/02-comp-arch-f/comparch_lab2/lab2/lab2/lab2.cache/compile_simlib/questa} {xcelium=/home/02-comp-arch-f/comparch_lab2/lab2/lab2/lab2.cache/compile_simlib/xcelium} {vcs=/home/02-comp-arch-f/comparch_lab2/lab2/lab2/lab2.cache/compile_simlib/vcs} {riviera=/home/02-comp-arch-f/comparch_lab2/lab2/lab2/lab2.cache/compile_simlib/riviera}] -use_ip_compiled_libs -force -quiet
reset_run design_1_top_0_0_synth_1
launch_runs design_1_top_0_0_synth_1
INFO: [IP_Flow 19-6924] IPCACHE: Running cache check for IP inst: design_1_top_0_0
WARNING: [Vivado 12-4802] The synthesis checkpoint for IP '/home/02-comp-arch-f/comparch_lab2/lab2/lab2/lab2.srcs/sources_1/bd/design_1/ip/design_1_top_0_0/design_1_top_0_0.xci' is not generated and IP is locked. An out-of-context (OOC) run will be created and/or launched, but synthesis may not be able to complete or could result in incorrect behavior.
Please select 'Report IP Status' from the 'Tools/Report' menu or run Tcl command 'report_ip_status' for more information.
[Fri Mar 14 16:17:18 2025] Launched design_1_top_0_0_synth_1...
Run output will be captured here: /home/02-comp-arch-f/comparch_lab2/lab2/lab2/lab2.runs/design_1_top_0_0_synth_1/runme.log
wait_on_run design_1_top_0_0_synth_1
[Fri Mar 14 16:17:18 2025] Waiting for design_1_top_0_0_synth_1 to finish...
[Fri Mar 14 16:17:23 2025] Waiting for design_1_top_0_0_synth_1 to finish...
[Fri Mar 14 16:17:28 2025] Waiting for design_1_top_0_0_synth_1 to finish...
[Fri Mar 14 16:17:33 2025] Waiting for design_1_top_0_0_synth_1 to finish...

*** Running vivado
    with args -log design_1_top_0_0.vds -m64 -product Vivado -mode batch -messageDb vivado.pb -notrace -source design_1_top_0_0.tcl


****** Vivado v2023.2 (64-bit)
  **** SW Build 4029153 on Fri Oct 13 20:13:54 MDT 2023
  **** IP Build 4028589 on Sat Oct 14 00:45:43 MDT 2023
  **** SharedData Build 4025554 on Tue Oct 10 17:18:54 MDT 2023
    ** Copyright 1986-2022 Xilinx, Inc. All Rights Reserved.
    ** Copyright 2022-2023 Advanced Micro Devices, Inc. All Rights Reserved.

source design_1_top_0_0.tcl -notrace
INFO: [IP_Flow 19-234] Refreshing IP repositories
INFO: [IP_Flow 19-1700] Loaded user IP repository '/home/02-comp-arch-f/comparch_lab2/lab2/lab2/lab2.ipdefs/ip_repo_BAK_0_0_0'.
INFO: [IP_Flow 19-2313] Loaded Vivado IP repository '/opt/Xilinx/Vivado/2023.2/data/ip'.
INFO: [IP_Flow 19-6924] IPCACHE: Running cache check for IP inst: design_1_top_0_0
Command: synth_design -top design_1_top_0_0 -part xc7z020clg484-1 -incremental_mode off -mode out_of_context
Starting synth_design
Attempting to get a license for feature 'Synthesis' and/or device 'xc7z020'
INFO: [Common 17-349] Got license for feature 'Synthesis' and/or device 'xc7z020'
INFO: [Device 21-403] Loading part xc7z020clg484-1
INFO: [Synth 8-7079] Multithreading enabled for synth_design using a maximum of 4 processes.
INFO: [Synth 8-7078] Launching helper process for spawning children vivado processes
INFO: [Synth 8-7075] Helper process launched with PID 203637
---------------------------------------------------------------------------------
Starting RTL Elaboration : Time (s): cpu = 00:00:02 ; elapsed = 00:00:02 . Memory (MB): peak = 2056.680 ; gain = 410.715 ; free physical = 3058 ; free virtual = 12685
---------------------------------------------------------------------------------
INFO: [Synth 8-11241] undeclared symbol 'v', assumed default net type 'wire' [/home/02-comp-arch-f/comparch_lab2/lab2/lab2/lab2.srcs/sources_1/imports/Desktop/riscv_single.sv:87]
INFO: [Synth 8-11241] undeclared symbol 'Negative', assumed default net type 'wire' [/home/02-comp-arch-f/comparch_lab2/lab2/lab2/lab2.srcs/sources_1/imports/Desktop/riscv_single.sv:87]
INFO: [Synth 8-11241] undeclared symbol 'Carry', assumed default net type 'wire' [/home/02-comp-arch-f/comparch_lab2/lab2/lab2/lab2.srcs/sources_1/imports/Desktop/riscv_single.sv:87]
INFO: [Synth 8-11241] undeclared symbol 'PCSrc', assumed default net type 'wire' [/home/02-comp-arch-f/comparch_lab2/lab2/lab2/lab2.srcs/sources_1/imports/Desktop/riscv_single.sv:88]
INFO: [Synth 8-6157] synthesizing module 'design_1_top_0_0' [/home/02-comp-arch-f/comparch_lab2/lab2/lab2/lab2.gen/sources_1/bd/design_1/ip/design_1_top_0_0/synth/design_1_top_0_0.v:53]
INFO: [Synth 8-6157] synthesizing module 'top' [/home/02-comp-arch-f/comparch_lab2/lab2/lab2/src/top.v:2]
INFO: [Synth 8-6157] synthesizing module 'riscvsingle' [/home/02-comp-arch-f/comparch_lab2/lab2/lab2/lab2.srcs/sources_1/imports/Desktop/riscv_single.sv:69]
INFO: [Synth 8-6157] synthesizing module 'controller' [/home/02-comp-arch-f/comparch_lab2/lab2/lab2/lab2.srcs/sources_1/imports/Desktop/riscv_single.sv:99]
INFO: [Synth 8-6157] synthesizing module 'maindec' [/home/02-comp-arch-f/comparch_lab2/lab2/lab2/lab2.srcs/sources_1/imports/Desktop/riscv_single.sv:151]
INFO: [Synth 8-6155] done synthesizing module 'maindec' (0#1) [/home/02-comp-arch-f/comparch_lab2/lab2/lab2/lab2.srcs/sources_1/imports/Desktop/riscv_single.sv:151]
INFO: [Synth 8-6157] synthesizing module 'aludec' [/home/02-comp-arch-f/comparch_lab2/lab2/lab2/lab2.srcs/sources_1/imports/Desktop/riscv_single.sv:185]
INFO: [Synth 8-226] default block is never used [/home/02-comp-arch-f/comparch_lab2/lab2/lab2/lab2.srcs/sources_1/imports/Desktop/riscv_single.sv:198]
INFO: [Synth 8-6155] done synthesizing module 'aludec' (0#1) [/home/02-comp-arch-f/comparch_lab2/lab2/lab2/lab2.srcs/sources_1/imports/Desktop/riscv_single.sv:185]
INFO: [Synth 8-6155] done synthesizing module 'controller' (0#1) [/home/02-comp-arch-f/comparch_lab2/lab2/lab2/lab2.srcs/sources_1/imports/Desktop/riscv_single.sv:99]
INFO: [Synth 8-6157] synthesizing module 'datapath' [/home/02-comp-arch-f/comparch_lab2/lab2/lab2/lab2.srcs/sources_1/imports/Desktop/riscv_single.sv:220]
INFO: [Synth 8-6157] synthesizing module 'flopenr' [/home/02-comp-arch-f/comparch_lab2/lab2/lab2/lab2.srcs/sources_1/imports/Desktop/riscv_single.sv:342]
	Parameter WIDTH bound to: 32 - type: integer 
INFO: [Synth 8-6155] done synthesizing module 'flopenr' (0#1) [/home/02-comp-arch-f/comparch_lab2/lab2/lab2/lab2.srcs/sources_1/imports/Desktop/riscv_single.sv:342]
INFO: [Synth 8-6157] synthesizing module 'adder' [/home/02-comp-arch-f/comparch_lab2/lab2/lab2/lab2.srcs/sources_1/imports/Desktop/riscv_single.sv:265]
INFO: [Synth 8-6155] done synthesizing module 'adder' (0#1) [/home/02-comp-arch-f/comparch_lab2/lab2/lab2/lab2.srcs/sources_1/imports/Desktop/riscv_single.sv:265]
INFO: [Synth 8-6157] synthesizing module 'mux2' [/home/02-comp-arch-f/comparch_lab2/lab2/lab2/lab2.srcs/sources_1/imports/Desktop/riscv_single.sv:353]
	Parameter WIDTH bound to: 32 - type: integer 
INFO: [Synth 8-6155] done synthesizing module 'mux2' (0#1) [/home/02-comp-arch-f/comparch_lab2/lab2/lab2/lab2.srcs/sources_1/imports/Desktop/riscv_single.sv:353]
INFO: [Synth 8-6157] synthesizing module 'regfile' [/home/02-comp-arch-f/comparch_lab2/lab2/lab2/lab2.srcs/sources_1/imports/Desktop/riscv_single.sv:456]
INFO: [Synth 8-6155] done synthesizing module 'regfile' (0#1) [/home/02-comp-arch-f/comparch_lab2/lab2/lab2/lab2.srcs/sources_1/imports/Desktop/riscv_single.sv:456]
INFO: [Synth 8-6157] synthesizing module 'extend' [/home/02-comp-arch-f/comparch_lab2/lab2/lab2/lab2.srcs/sources_1/imports/Desktop/riscv_single.sv:272]
INFO: [Synth 8-6155] done synthesizing module 'extend' (0#1) [/home/02-comp-arch-f/comparch_lab2/lab2/lab2/lab2.srcs/sources_1/imports/Desktop/riscv_single.sv:272]
INFO: [Synth 8-6157] synthesizing module 'alu' [/home/02-comp-arch-f/comparch_lab2/lab2/lab2/lab2.srcs/sources_1/imports/Desktop/riscv_single.sv:417]
INFO: [Synth 8-6155] done synthesizing module 'alu' (0#1) [/home/02-comp-arch-f/comparch_lab2/lab2/lab2/lab2.srcs/sources_1/imports/Desktop/riscv_single.sv:417]
INFO: [Synth 8-6157] synthesizing module 'mux4' [/home/02-comp-arch-f/comparch_lab2/lab2/lab2/lab2.srcs/sources_1/imports/Desktop/riscv_single.sv:371]
	Parameter WIDTH bound to: 32 - type: integer 
INFO: [Synth 8-6155] done synthesizing module 'mux4' (0#1) [/home/02-comp-arch-f/comparch_lab2/lab2/lab2/lab2.srcs/sources_1/imports/Desktop/riscv_single.sv:371]
INFO: [Synth 8-6157] synthesizing module 'mux3' [/home/02-comp-arch-f/comparch_lab2/lab2/lab2/lab2.srcs/sources_1/imports/Desktop/riscv_single.sv:362]
	Parameter WIDTH bound to: 32 - type: integer 
INFO: [Synth 8-6155] done synthesizing module 'mux3' (0#1) [/home/02-comp-arch-f/comparch_lab2/lab2/lab2/lab2.srcs/sources_1/imports/Desktop/riscv_single.sv:362]
INFO: [Synth 8-6157] synthesizing module 'loadextend' [/home/02-comp-arch-f/comparch_lab2/lab2/lab2/lab2.srcs/sources_1/imports/Desktop/riscv_single.sv:294]
INFO: [Synth 8-6155] done synthesizing module 'loadextend' (0#1) [/home/02-comp-arch-f/comparch_lab2/lab2/lab2/lab2.srcs/sources_1/imports/Desktop/riscv_single.sv:294]
INFO: [Synth 8-6157] synthesizing module 'store' [/home/02-comp-arch-f/comparch_lab2/lab2/lab2/lab2.srcs/sources_1/imports/Desktop/riscv_single.sv:309]
INFO: [Synth 8-6155] done synthesizing module 'store' (0#1) [/home/02-comp-arch-f/comparch_lab2/lab2/lab2/lab2.srcs/sources_1/imports/Desktop/riscv_single.sv:309]
INFO: [Synth 8-6155] done synthesizing module 'datapath' (0#1) [/home/02-comp-arch-f/comparch_lab2/lab2/lab2/lab2.srcs/sources_1/imports/Desktop/riscv_single.sv:220]
INFO: [Synth 8-6155] done synthesizing module 'riscvsingle' (0#1) [/home/02-comp-arch-f/comparch_lab2/lab2/lab2/lab2.srcs/sources_1/imports/Desktop/riscv_single.sv:69]
WARNING: [Synth 8-7071] port 'loadcontrol' of module 'riscvsingle' is unconnected for instance 'riscvsingle' [/home/02-comp-arch-f/comparch_lab2/lab2/lab2/src/top.v:18]
WARNING: [Synth 8-7023] instance 'riscvsingle' of module 'riscvsingle' has 11 connections declared, but only 10 given [/home/02-comp-arch-f/comparch_lab2/lab2/lab2/src/top.v:18]
ERROR: [Synth 8-439] module 'imem' not found [/home/02-comp-arch-f/comparch_lab2/lab2/lab2/src/top.v:28]
ERROR: [Synth 8-6156] failed synthesizing module 'top' [/home/02-comp-arch-f/comparch_lab2/lab2/lab2/src/top.v:2]
ERROR: [Synth 8-6156] failed synthesizing module 'design_1_top_0_0' [/home/02-comp-arch-f/comparch_lab2/lab2/lab2/lab2.gen/sources_1/bd/design_1/ip/design_1_top_0_0/synth/design_1_top_0_0.v:53]
---------------------------------------------------------------------------------
Finished RTL Elaboration : Time (s): cpu = 00:00:03 ; elapsed = 00:00:03 . Memory (MB): peak = 2136.648 ; gain = 490.684 ; free physical = 2956 ; free virtual = 12583
---------------------------------------------------------------------------------
RTL Elaboration failed
INFO: [Common 17-83] Releasing license: Synthesis
47 Infos, 2 Warnings, 0 Critical Warnings and 4 Errors encountered.
synth_design failed
ERROR: [Common 17-69] Command failed: Synthesis failed - please see the console or run log file for details
INFO: [Common 17-206] Exiting Vivado at Fri Mar 14 16:17:29 2025...
[Fri Mar 14 16:17:33 2025] design_1_top_0_0_synth_1 finished
ERROR: [Vivado 12-13638] Failed runs(s) : 'design_1_top_0_0_synth_1'
wait_on_runs: Time (s): cpu = 00:00:14 ; elapsed = 00:00:15 . Memory (MB): peak = 8563.379 ; gain = 0.000 ; free physical = 4496 ; free virtual = 14120
ERROR: [Common 17-39] 'wait_on_runs' failed due to earlier errors.
ERROR: [Vivado 12-4146] Open Elaborated Design failed due to the following error:
ERROR: [Common 17-69] Command failed: ERROR: [Common 17-39] 'wait_on_runs' failed due to earlier errors.


reset_run design_1_top_0_0_synth_1
reset_run synth_1
launch_runs synth_1 -jobs 10
INFO: [IP_Flow 19-6924] IPCACHE: Running cache check for IP inst: design_1_top_0_0
WARNING: [Vivado 12-4802] The synthesis checkpoint for IP '/home/02-comp-arch-f/comparch_lab2/lab2/lab2/lab2.srcs/sources_1/bd/design_1/ip/design_1_top_0_0/design_1_top_0_0.xci' is not generated and IP is locked. An out-of-context (OOC) run will be created and/or launched, but synthesis may not be able to complete or could result in incorrect behavior.
Please select 'Report IP Status' from the 'Tools/Report' menu or run Tcl command 'report_ip_status' for more information.
WARNING: [Runs 36-337] The following IPs are either missing output products or output products are not up-to-date for Synthesis target. Since these IPs are locked, no update to the output products can be done. 
Please select 'Report IP Status' from the 'Tools/Report' menu or run Tcl command 'report_ip_status' for more information.
/home/02-comp-arch-f/comparch_lab2/lab2/lab2/lab2.srcs/sources_1/bd/design_1/design_1.bd

WARNING: [Runs 36-337] The following IPs are either missing output products or output products are not up-to-date for Implementation target. Since these IPs are locked, no update to the output products can be done. 
Please select 'Report IP Status' from the 'Tools/Report' menu or run Tcl command 'report_ip_status' for more information.
/home/02-comp-arch-f/comparch_lab2/lab2/lab2/lab2.srcs/sources_1/bd/design_1/design_1.bd

[Fri Mar 14 16:17:48 2025] Launched design_1_top_0_0_synth_1...
Run output will be captured here: /home/02-comp-arch-f/comparch_lab2/lab2/lab2/lab2.runs/design_1_top_0_0_synth_1/runme.log
[Fri Mar 14 16:17:48 2025] Launched synth_1...
Run output will be captured here: /home/02-comp-arch-f/comparch_lab2/lab2/lab2/lab2.runs/synth_1/runme.log
reset_run design_1_top_0_0_synth_1
reset_run synth_1
launch_runs synth_1 -jobs 10
INFO: [IP_Flow 19-6924] IPCACHE: Running cache check for IP inst: design_1_top_0_0
WARNING: [Vivado 12-4802] The synthesis checkpoint for IP '/home/02-comp-arch-f/comparch_lab2/lab2/lab2/lab2.srcs/sources_1/bd/design_1/ip/design_1_top_0_0/design_1_top_0_0.xci' is not generated and IP is locked. An out-of-context (OOC) run will be created and/or launched, but synthesis may not be able to complete or could result in incorrect behavior.
Please select 'Report IP Status' from the 'Tools/Report' menu or run Tcl command 'report_ip_status' for more information.
WARNING: [Runs 36-337] The following IPs are either missing output products or output products are not up-to-date for Synthesis target. Since these IPs are locked, no update to the output products can be done. 
Please select 'Report IP Status' from the 'Tools/Report' menu or run Tcl command 'report_ip_status' for more information.
/home/02-comp-arch-f/comparch_lab2/lab2/lab2/lab2.srcs/sources_1/bd/design_1/design_1.bd

WARNING: [Runs 36-337] The following IPs are either missing output products or output products are not up-to-date for Implementation target. Since these IPs are locked, no update to the output products can be done. 
Please select 'Report IP Status' from the 'Tools/Report' menu or run Tcl command 'report_ip_status' for more information.
/home/02-comp-arch-f/comparch_lab2/lab2/lab2/lab2.srcs/sources_1/bd/design_1/design_1.bd

[Fri Mar 14 16:19:13 2025] Launched design_1_top_0_0_synth_1...
Run output will be captured here: /home/02-comp-arch-f/comparch_lab2/lab2/lab2/lab2.runs/design_1_top_0_0_synth_1/runme.log
[Fri Mar 14 16:19:13 2025] Launched synth_1...
Run output will be captured here: /home/02-comp-arch-f/comparch_lab2/lab2/lab2/lab2.runs/synth_1/runme.log
pwd
/home/02-comp-arch-f/Desktop
ls
WARNING: [Common 17-259] Unknown Tcl command 'ls' sending command to the OS shell for execution. It is recommended to use 'exec' to send the command to the OS shell.
ecen4243S25
riscv_single.sv
setup.tcl
source setup.tcl
# import_files -norecurse riscv_single.sv
WARNING: [filemgmt 20-354] The following file(s) were not imported. Local copy of file(s) already exists:
/home/02-comp-arch-f/Desktop/riscv_single.sv
Hint: use the '-force' option to overwrite the local copies.
# update_compile_order -fileset sources_1
WARNING: [filemgmt 56-199] Attempt to get parsing info during refresh. "On-the-fly" syntax checking information may be incorrect. [/home/02-comp-arch-f/comparch_lab2/lab2/lab2/lab2.srcs/sources_1/imports/Desktop/riscv_single.sv:]
WARNING: [filemgmt 56-199] Attempt to get parsing info during refresh. "On-the-fly" syntax checking information may be incorrect. [/home/02-comp-arch-f/comparch_lab2/lab2/lab2/lab2.gen/sources_1/bd/design_1/hdl/design_1_wrapper.v:]
WARNING: [filemgmt 56-199] Attempt to get parsing info during refresh. "On-the-fly" syntax checking information may be incorrect. [/home/02-comp-arch-f/comparch_lab2/lab2/lab2/src/top.v:]
# update_module_reference design_1_top_0_0
INFO: [IP_Flow 19-5107] Inferred bus interface 'reset' of definition 'xilinx.com:signal:reset:1.0' (from Xilinx Repository).
INFO: [IP_Flow 19-5107] Inferred bus interface 'clk' of definition 'xilinx.com:signal:clock:1.0' (from Xilinx Repository).
INFO: [IP_Flow 19-4728] Bus Interface 'clk': Added interface parameter 'ASSOCIATED_RESET' with value 'reset'.
WARNING: [IP_Flow 19-5661] Bus Interface 'clk' does not have any bus interfaces associated with it.
WARNING: [IP_Flow 19-11770] Clock interface 'clk' has no FREQ_HZ parameter.
INFO: [IP_Flow 19-5107] Inferred bus interface 'reset' of definition 'xilinx.com:signal:reset:1.0' (from Xilinx Repository).
INFO: [IP_Flow 19-5107] Inferred bus interface 'clk' of definition 'xilinx.com:signal:clock:1.0' (from Xilinx Repository).
INFO: [IP_Flow 19-4728] Bus Interface 'clk': Added interface parameter 'ASSOCIATED_RESET' with value 'reset'.
WARNING: [IP_Flow 19-5661] Bus Interface 'clk' does not have any bus interfaces associated with it.
WARNING: [IP_Flow 19-11770] Clock interface 'clk' has no FREQ_HZ parameter.
Upgrading '/home/02-comp-arch-f/comparch_lab2/lab2/lab2/lab2.srcs/sources_1/bd/design_1/design_1.bd'
WARNING: [filemgmt 56-199] Attempt to get parsing info during refresh. "On-the-fly" syntax checking information may be incorrect. [/home/02-comp-arch-f/comparch_lab2/lab2/lab2/lab2.srcs/sources_1/imports/Desktop/riscv_single.sv:]
WARNING: [filemgmt 56-199] Attempt to get parsing info during refresh. "On-the-fly" syntax checking information may be incorrect. [/home/02-comp-arch-f/comparch_lab2/lab2/lab2/lab2.gen/sources_1/bd/design_1/hdl/design_1_wrapper.v:]
WARNING: [filemgmt 56-199] Attempt to get parsing info during refresh. "On-the-fly" syntax checking information may be incorrect. [/home/02-comp-arch-f/comparch_lab2/lab2/lab2/src/top.v:]
INFO: [IP_Flow 19-3420] Updated design_1_top_0_0 to use current project options
Wrote  : </home/02-comp-arch-f/comparch_lab2/lab2/lab2/lab2.srcs/sources_1/bd/design_1/design_1.bd> 
Wrote  : </home/02-comp-arch-f/comparch_lab2/lab2/lab2/lab2.srcs/sources_1/bd/design_1/ui/bd_1f5defd0.ui> 
# reset_run synth_1
# launch_runs impl_1 -to_step write_bitstream -jobs 5
WARNING: [HDL 9-3756] overwriting previous definition of module 'riscvsingle' [/home/02-comp-arch-f/comparch_lab2/lab2/lab2/lab2.srcs/sources_1/imports/Desktop/riscv_single.sv:69]
WARNING: [HDL 9-3756] overwriting previous definition of module 'controller' [/home/02-comp-arch-f/comparch_lab2/lab2/lab2/lab2.srcs/sources_1/imports/Desktop/riscv_single.sv:99]
WARNING: [HDL 9-3756] overwriting previous definition of module 'maindec' [/home/02-comp-arch-f/comparch_lab2/lab2/lab2/lab2.srcs/sources_1/imports/Desktop/riscv_single.sv:151]
WARNING: [HDL 9-3756] overwriting previous definition of module 'aludec' [/home/02-comp-arch-f/comparch_lab2/lab2/lab2/lab2.srcs/sources_1/imports/Desktop/riscv_single.sv:185]
WARNING: [HDL 9-3756] overwriting previous definition of module 'datapath' [/home/02-comp-arch-f/comparch_lab2/lab2/lab2/lab2.srcs/sources_1/imports/Desktop/riscv_single.sv:220]
WARNING: [HDL 9-3756] overwriting previous definition of module 'adder' [/home/02-comp-arch-f/comparch_lab2/lab2/lab2/lab2.srcs/sources_1/imports/Desktop/riscv_single.sv:265]
WARNING: [HDL 9-3756] overwriting previous definition of module 'extend' [/home/02-comp-arch-f/comparch_lab2/lab2/lab2/lab2.srcs/sources_1/imports/Desktop/riscv_single.sv:272]
WARNING: [HDL 9-3756] overwriting previous definition of module 'loadextend' [/home/02-comp-arch-f/comparch_lab2/lab2/lab2/lab2.srcs/sources_1/imports/Desktop/riscv_single.sv:294]
WARNING: [HDL 9-3756] overwriting previous definition of module 'store' [/home/02-comp-arch-f/comparch_lab2/lab2/lab2/lab2.srcs/sources_1/imports/Desktop/riscv_single.sv:309]
WARNING: [HDL 9-3756] overwriting previous definition of module 'flopr' [/home/02-comp-arch-f/comparch_lab2/lab2/lab2/lab2.srcs/sources_1/imports/Desktop/riscv_single.sv:331]
WARNING: [HDL 9-3756] overwriting previous definition of module 'flopenr' [/home/02-comp-arch-f/comparch_lab2/lab2/lab2/lab2.srcs/sources_1/imports/Desktop/riscv_single.sv:342]
WARNING: [HDL 9-3756] overwriting previous definition of module 'mux2' [/home/02-comp-arch-f/comparch_lab2/lab2/lab2/lab2.srcs/sources_1/imports/Desktop/riscv_single.sv:353]
WARNING: [HDL 9-3756] overwriting previous definition of module 'mux3' [/home/02-comp-arch-f/comparch_lab2/lab2/lab2/lab2.srcs/sources_1/imports/Desktop/riscv_single.sv:362]
WARNING: [HDL 9-3756] overwriting previous definition of module 'mux4' [/home/02-comp-arch-f/comparch_lab2/lab2/lab2/lab2.srcs/sources_1/imports/Desktop/riscv_single.sv:371]
WARNING: [HDL 9-3756] overwriting previous definition of module 'alu' [/home/02-comp-arch-f/comparch_lab2/lab2/lab2/lab2.srcs/sources_1/imports/Desktop/riscv_single.sv:417]
WARNING: [HDL 9-3756] overwriting previous definition of module 'regfile' [/home/02-comp-arch-f/comparch_lab2/lab2/lab2/lab2.srcs/sources_1/imports/Desktop/riscv_single.sv:456]
INFO: [IP_Flow 19-6924] IPCACHE: Running cache check for IP inst: design_1_top_0_0
WARNING: [Vivado 12-4802] The synthesis checkpoint for IP '/home/02-comp-arch-f/comparch_lab2/lab2/lab2/lab2.srcs/sources_1/bd/design_1/ip/design_1_top_0_0/design_1_top_0_0.xci' is not generated and IP is locked. An out-of-context (OOC) run will be created and/or launched, but synthesis may not be able to complete or could result in incorrect behavior.
Please select 'Report IP Status' from the 'Tools/Report' menu or run Tcl command 'report_ip_status' for more information.
WARNING: [HDL 9-3756] overwriting previous definition of module 'riscvsingle' [/home/02-comp-arch-f/comparch_lab2/lab2/lab2/lab2.srcs/sources_1/imports/Desktop/riscv_single.sv:69]
WARNING: [HDL 9-3756] overwriting previous definition of module 'controller' [/home/02-comp-arch-f/comparch_lab2/lab2/lab2/lab2.srcs/sources_1/imports/Desktop/riscv_single.sv:99]
WARNING: [HDL 9-3756] overwriting previous definition of module 'maindec' [/home/02-comp-arch-f/comparch_lab2/lab2/lab2/lab2.srcs/sources_1/imports/Desktop/riscv_single.sv:151]
WARNING: [HDL 9-3756] overwriting previous definition of module 'aludec' [/home/02-comp-arch-f/comparch_lab2/lab2/lab2/lab2.srcs/sources_1/imports/Desktop/riscv_single.sv:185]
WARNING: [HDL 9-3756] overwriting previous definition of module 'datapath' [/home/02-comp-arch-f/comparch_lab2/lab2/lab2/lab2.srcs/sources_1/imports/Desktop/riscv_single.sv:220]
WARNING: [HDL 9-3756] overwriting previous definition of module 'adder' [/home/02-comp-arch-f/comparch_lab2/lab2/lab2/lab2.srcs/sources_1/imports/Desktop/riscv_single.sv:265]
WARNING: [HDL 9-3756] overwriting previous definition of module 'extend' [/home/02-comp-arch-f/comparch_lab2/lab2/lab2/lab2.srcs/sources_1/imports/Desktop/riscv_single.sv:272]
WARNING: [HDL 9-3756] overwriting previous definition of module 'loadextend' [/home/02-comp-arch-f/comparch_lab2/lab2/lab2/lab2.srcs/sources_1/imports/Desktop/riscv_single.sv:294]
WARNING: [HDL 9-3756] overwriting previous definition of module 'store' [/home/02-comp-arch-f/comparch_lab2/lab2/lab2/lab2.srcs/sources_1/imports/Desktop/riscv_single.sv:309]
WARNING: [HDL 9-3756] overwriting previous definition of module 'flopr' [/home/02-comp-arch-f/comparch_lab2/lab2/lab2/lab2.srcs/sources_1/imports/Desktop/riscv_single.sv:331]
WARNING: [HDL 9-3756] overwriting previous definition of module 'flopenr' [/home/02-comp-arch-f/comparch_lab2/lab2/lab2/lab2.srcs/sources_1/imports/Desktop/riscv_single.sv:342]
WARNING: [HDL 9-3756] overwriting previous definition of module 'mux2' [/home/02-comp-arch-f/comparch_lab2/lab2/lab2/lab2.srcs/sources_1/imports/Desktop/riscv_single.sv:353]
WARNING: [HDL 9-3756] overwriting previous definition of module 'mux3' [/home/02-comp-arch-f/comparch_lab2/lab2/lab2/lab2.srcs/sources_1/imports/Desktop/riscv_single.sv:362]
WARNING: [HDL 9-3756] overwriting previous definition of module 'mux4' [/home/02-comp-arch-f/comparch_lab2/lab2/lab2/lab2.srcs/sources_1/imports/Desktop/riscv_single.sv:371]
WARNING: [HDL 9-3756] overwriting previous definition of module 'alu' [/home/02-comp-arch-f/comparch_lab2/lab2/lab2/lab2.srcs/sources_1/imports/Desktop/riscv_single.sv:417]
WARNING: [HDL 9-3756] overwriting previous definition of module 'regfile' [/home/02-comp-arch-f/comparch_lab2/lab2/lab2/lab2.srcs/sources_1/imports/Desktop/riscv_single.sv:456]
WARNING: [HDL 9-3756] overwriting previous definition of module 'riscvsingle' [/home/02-comp-arch-f/comparch_lab2/lab2/lab2/lab2.srcs/sources_1/imports/Desktop/riscv_single.sv:69]
WARNING: [HDL 9-3756] overwriting previous definition of module 'controller' [/home/02-comp-arch-f/comparch_lab2/lab2/lab2/lab2.srcs/sources_1/imports/Desktop/riscv_single.sv:99]
WARNING: [HDL 9-3756] overwriting previous definition of module 'maindec' [/home/02-comp-arch-f/comparch_lab2/lab2/lab2/lab2.srcs/sources_1/imports/Desktop/riscv_single.sv:151]
WARNING: [HDL 9-3756] overwriting previous definition of module 'aludec' [/home/02-comp-arch-f/comparch_lab2/lab2/lab2/lab2.srcs/sources_1/imports/Desktop/riscv_single.sv:185]
WARNING: [HDL 9-3756] overwriting previous definition of module 'datapath' [/home/02-comp-arch-f/comparch_lab2/lab2/lab2/lab2.srcs/sources_1/imports/Desktop/riscv_single.sv:220]
WARNING: [HDL 9-3756] overwriting previous definition of module 'adder' [/home/02-comp-arch-f/comparch_lab2/lab2/lab2/lab2.srcs/sources_1/imports/Desktop/riscv_single.sv:265]
WARNING: [HDL 9-3756] overwriting previous definition of module 'extend' [/home/02-comp-arch-f/comparch_lab2/lab2/lab2/lab2.srcs/sources_1/imports/Desktop/riscv_single.sv:272]
WARNING: [HDL 9-3756] overwriting previous definition of module 'loadextend' [/home/02-comp-arch-f/comparch_lab2/lab2/lab2/lab2.srcs/sources_1/imports/Desktop/riscv_single.sv:294]
WARNING: [HDL 9-3756] overwriting previous definition of module 'store' [/home/02-comp-arch-f/comparch_lab2/lab2/lab2/lab2.srcs/sources_1/imports/Desktop/riscv_single.sv:309]
WARNING: [HDL 9-3756] overwriting previous definition of module 'flopr' [/home/02-comp-arch-f/comparch_lab2/lab2/lab2/lab2.srcs/sources_1/imports/Desktop/riscv_single.sv:331]
WARNING: [HDL 9-3756] overwriting previous definition of module 'flopenr' [/home/02-comp-arch-f/comparch_lab2/lab2/lab2/lab2.srcs/sources_1/imports/Desktop/riscv_single.sv:342]
WARNING: [HDL 9-3756] overwriting previous definition of module 'mux2' [/home/02-comp-arch-f/comparch_lab2/lab2/lab2/lab2.srcs/sources_1/imports/Desktop/riscv_single.sv:353]
WARNING: [HDL 9-3756] overwriting previous definition of module 'mux3' [/home/02-comp-arch-f/comparch_lab2/lab2/lab2/lab2.srcs/sources_1/imports/Desktop/riscv_single.sv:362]
WARNING: [HDL 9-3756] overwriting previous definition of module 'mux4' [/home/02-comp-arch-f/comparch_lab2/lab2/lab2/lab2.srcs/sources_1/imports/Desktop/riscv_single.sv:371]
WARNING: [HDL 9-3756] overwriting previous definition of module 'alu' [/home/02-comp-arch-f/comparch_lab2/lab2/lab2/lab2.srcs/sources_1/imports/Desktop/riscv_single.sv:417]
WARNING: [HDL 9-3756] overwriting previous definition of module 'regfile' [/home/02-comp-arch-f/comparch_lab2/lab2/lab2/lab2.srcs/sources_1/imports/Desktop/riscv_single.sv:456]
WARNING: [Runs 36-337] The following IPs are either missing output products or output products are not up-to-date for Synthesis target. Since these IPs are locked, no update to the output products can be done. 
Please select 'Report IP Status' from the 'Tools/Report' menu or run Tcl command 'report_ip_status' for more information.
/home/02-comp-arch-f/comparch_lab2/lab2/lab2/lab2.srcs/sources_1/bd/design_1/design_1.bd

WARNING: [Runs 36-337] The following IPs are either missing output products or output products are not up-to-date for Implementation target. Since these IPs are locked, no update to the output products can be done. 
Please select 'Report IP Status' from the 'Tools/Report' menu or run Tcl command 'report_ip_status' for more information.
/home/02-comp-arch-f/comparch_lab2/lab2/lab2/lab2.srcs/sources_1/bd/design_1/design_1.bd

WARNING: [filemgmt 56-199] Attempt to get parsing info during refresh. "On-the-fly" syntax checking information may be incorrect. [/home/02-comp-arch-f/comparch_lab2/lab2/lab2/lab2.srcs/sources_1/imports/Desktop/riscv_single.sv:]
WARNING: [filemgmt 56-199] Attempt to get parsing info during refresh. "On-the-fly" syntax checking information may be incorrect. [/home/02-comp-arch-f/comparch_lab2/lab2/lab2/lab2.gen/sources_1/bd/design_1/hdl/design_1_wrapper.v:]
WARNING: [filemgmt 56-199] Attempt to get parsing info during refresh. "On-the-fly" syntax checking information may be incorrect. [/home/02-comp-arch-f/comparch_lab2/lab2/lab2/src/top.v:]
WARNING: [filemgmt 56-199] Attempt to get parsing info during refresh. "On-the-fly" syntax checking information may be incorrect. [/home/02-comp-arch-f/comparch_lab2/lab2/lab2/lab2.srcs/sources_1/imports/Desktop/riscv_single.sv:]
WARNING: [filemgmt 56-199] Attempt to get parsing info during refresh. "On-the-fly" syntax checking information may be incorrect. [/home/02-comp-arch-f/comparch_lab2/lab2/lab2/lab2.gen/sources_1/bd/design_1/hdl/design_1_wrapper.v:]
WARNING: [filemgmt 56-199] Attempt to get parsing info during refresh. "On-the-fly" syntax checking information may be incorrect. [/home/02-comp-arch-f/comparch_lab2/lab2/lab2/src/top.v:]
WARNING: [HDL 9-3756] overwriting previous definition of module 'riscvsingle' [/home/02-comp-arch-f/comparch_lab2/lab2/lab2/lab2.srcs/sources_1/imports/Desktop/riscv_single.sv:69]
WARNING: [HDL 9-3756] overwriting previous definition of module 'controller' [/home/02-comp-arch-f/comparch_lab2/lab2/lab2/lab2.srcs/sources_1/imports/Desktop/riscv_single.sv:99]
WARNING: [HDL 9-3756] overwriting previous definition of module 'maindec' [/home/02-comp-arch-f/comparch_lab2/lab2/lab2/lab2.srcs/sources_1/imports/Desktop/riscv_single.sv:151]
WARNING: [HDL 9-3756] overwriting previous definition of module 'aludec' [/home/02-comp-arch-f/comparch_lab2/lab2/lab2/lab2.srcs/sources_1/imports/Desktop/riscv_single.sv:185]
WARNING: [HDL 9-3756] overwriting previous definition of module 'datapath' [/home/02-comp-arch-f/comparch_lab2/lab2/lab2/lab2.srcs/sources_1/imports/Desktop/riscv_single.sv:220]
WARNING: [HDL 9-3756] overwriting previous definition of module 'adder' [/home/02-comp-arch-f/comparch_lab2/lab2/lab2/lab2.srcs/sources_1/imports/Desktop/riscv_single.sv:265]
WARNING: [HDL 9-3756] overwriting previous definition of module 'extend' [/home/02-comp-arch-f/comparch_lab2/lab2/lab2/lab2.srcs/sources_1/imports/Desktop/riscv_single.sv:272]
WARNING: [HDL 9-3756] overwriting previous definition of module 'loadextend' [/home/02-comp-arch-f/comparch_lab2/lab2/lab2/lab2.srcs/sources_1/imports/Desktop/riscv_single.sv:294]
WARNING: [HDL 9-3756] overwriting previous definition of module 'store' [/home/02-comp-arch-f/comparch_lab2/lab2/lab2/lab2.srcs/sources_1/imports/Desktop/riscv_single.sv:309]
WARNING: [HDL 9-3756] overwriting previous definition of module 'flopr' [/home/02-comp-arch-f/comparch_lab2/lab2/lab2/lab2.srcs/sources_1/imports/Desktop/riscv_single.sv:331]
WARNING: [HDL 9-3756] overwriting previous definition of module 'flopenr' [/home/02-comp-arch-f/comparch_lab2/lab2/lab2/lab2.srcs/sources_1/imports/Desktop/riscv_single.sv:342]
WARNING: [HDL 9-3756] overwriting previous definition of module 'mux2' [/home/02-comp-arch-f/comparch_lab2/lab2/lab2/lab2.srcs/sources_1/imports/Desktop/riscv_single.sv:353]
WARNING: [HDL 9-3756] overwriting previous definition of module 'mux3' [/home/02-comp-arch-f/comparch_lab2/lab2/lab2/lab2.srcs/sources_1/imports/Desktop/riscv_single.sv:362]
WARNING: [HDL 9-3756] overwriting previous definition of module 'mux4' [/home/02-comp-arch-f/comparch_lab2/lab2/lab2/lab2.srcs/sources_1/imports/Desktop/riscv_single.sv:371]
WARNING: [HDL 9-3756] overwriting previous definition of module 'alu' [/home/02-comp-arch-f/comparch_lab2/lab2/lab2/lab2.srcs/sources_1/imports/Desktop/riscv_single.sv:417]
WARNING: [HDL 9-3756] overwriting previous definition of module 'regfile' [/home/02-comp-arch-f/comparch_lab2/lab2/lab2/lab2.srcs/sources_1/imports/Desktop/riscv_single.sv:456]
WARNING: [HDL 9-3756] overwriting previous definition of module 'riscvsingle' [/home/02-comp-arch-f/comparch_lab2/lab2/lab2/lab2.srcs/sources_1/imports/Desktop/riscv_single.sv:69]
WARNING: [HDL 9-3756] overwriting previous definition of module 'controller' [/home/02-comp-arch-f/comparch_lab2/lab2/lab2/lab2.srcs/sources_1/imports/Desktop/riscv_single.sv:99]
WARNING: [HDL 9-3756] overwriting previous definition of module 'maindec' [/home/02-comp-arch-f/comparch_lab2/lab2/lab2/lab2.srcs/sources_1/imports/Desktop/riscv_single.sv:151]
WARNING: [HDL 9-3756] overwriting previous definition of module 'aludec' [/home/02-comp-arch-f/comparch_lab2/lab2/lab2/lab2.srcs/sources_1/imports/Desktop/riscv_single.sv:185]
WARNING: [HDL 9-3756] overwriting previous definition of module 'datapath' [/home/02-comp-arch-f/comparch_lab2/lab2/lab2/lab2.srcs/sources_1/imports/Desktop/riscv_single.sv:220]
WARNING: [HDL 9-3756] overwriting previous definition of module 'adder' [/home/02-comp-arch-f/comparch_lab2/lab2/lab2/lab2.srcs/sources_1/imports/Desktop/riscv_single.sv:265]
WARNING: [HDL 9-3756] overwriting previous definition of module 'extend' [/home/02-comp-arch-f/comparch_lab2/lab2/lab2/lab2.srcs/sources_1/imports/Desktop/riscv_single.sv:272]
WARNING: [HDL 9-3756] overwriting previous definition of module 'loadextend' [/home/02-comp-arch-f/comparch_lab2/lab2/lab2/lab2.srcs/sources_1/imports/Desktop/riscv_single.sv:294]
WARNING: [HDL 9-3756] overwriting previous definition of module 'store' [/home/02-comp-arch-f/comparch_lab2/lab2/lab2/lab2.srcs/sources_1/imports/Desktop/riscv_single.sv:309]
WARNING: [HDL 9-3756] overwriting previous definition of module 'flopr' [/home/02-comp-arch-f/comparch_lab2/lab2/lab2/lab2.srcs/sources_1/imports/Desktop/riscv_single.sv:331]
WARNING: [HDL 9-3756] overwriting previous definition of module 'flopenr' [/home/02-comp-arch-f/comparch_lab2/lab2/lab2/lab2.srcs/sources_1/imports/Desktop/riscv_single.sv:342]
WARNING: [HDL 9-3756] overwriting previous definition of module 'mux2' [/home/02-comp-arch-f/comparch_lab2/lab2/lab2/lab2.srcs/sources_1/imports/Desktop/riscv_single.sv:353]
WARNING: [HDL 9-3756] overwriting previous definition of module 'mux3' [/home/02-comp-arch-f/comparch_lab2/lab2/lab2/lab2.srcs/sources_1/imports/Desktop/riscv_single.sv:362]
WARNING: [HDL 9-3756] overwriting previous definition of module 'mux4' [/home/02-comp-arch-f/comparch_lab2/lab2/lab2/lab2.srcs/sources_1/imports/Desktop/riscv_single.sv:371]
WARNING: [HDL 9-3756] overwriting previous definition of module 'alu' [/home/02-comp-arch-f/comparch_lab2/lab2/lab2/lab2.srcs/sources_1/imports/Desktop/riscv_single.sv:417]
WARNING: [HDL 9-3756] overwriting previous definition of module 'regfile' [/home/02-comp-arch-f/comparch_lab2/lab2/lab2/lab2.srcs/sources_1/imports/Desktop/riscv_single.sv:456]
[Fri Mar 14 16:24:41 2025] Launched design_1_top_0_0_synth_1, synth_1...
Run output will be captured here:
design_1_top_0_0_synth_1: /home/02-comp-arch-f/comparch_lab2/lab2/lab2/lab2.runs/design_1_top_0_0_synth_1/runme.log
synth_1: /home/02-comp-arch-f/comparch_lab2/lab2/lab2/lab2.runs/synth_1/runme.log
[Fri Mar 14 16:24:41 2025] Launched impl_1...
Run output will be captured here: /home/02-comp-arch-f/comparch_lab2/lab2/lab2/lab2.runs/impl_1/runme.log
0
reset_run synth_1
launch_runs synth_1 -jobs 10
WARNING: [HDL 9-3756] overwriting previous definition of module 'imem' [/home/02-comp-arch-f/Desktop/riscv_single.sv:395]
WARNING: [HDL 9-3756] overwriting previous definition of module 'riscvsingle' [/home/02-comp-arch-f/comparch_lab2/lab2/lab2/lab2.srcs/sources_1/imports/Desktop/riscv_single.sv:69]
WARNING: [HDL 9-3756] overwriting previous definition of module 'controller' [/home/02-comp-arch-f/comparch_lab2/lab2/lab2/lab2.srcs/sources_1/imports/Desktop/riscv_single.sv:99]
WARNING: [HDL 9-3756] overwriting previous definition of module 'maindec' [/home/02-comp-arch-f/comparch_lab2/lab2/lab2/lab2.srcs/sources_1/imports/Desktop/riscv_single.sv:151]
WARNING: [HDL 9-3756] overwriting previous definition of module 'aludec' [/home/02-comp-arch-f/comparch_lab2/lab2/lab2/lab2.srcs/sources_1/imports/Desktop/riscv_single.sv:185]
WARNING: [HDL 9-3756] overwriting previous definition of module 'datapath' [/home/02-comp-arch-f/comparch_lab2/lab2/lab2/lab2.srcs/sources_1/imports/Desktop/riscv_single.sv:220]
WARNING: [HDL 9-3756] overwriting previous definition of module 'adder' [/home/02-comp-arch-f/comparch_lab2/lab2/lab2/lab2.srcs/sources_1/imports/Desktop/riscv_single.sv:265]
WARNING: [HDL 9-3756] overwriting previous definition of module 'extend' [/home/02-comp-arch-f/comparch_lab2/lab2/lab2/lab2.srcs/sources_1/imports/Desktop/riscv_single.sv:272]
WARNING: [HDL 9-3756] overwriting previous definition of module 'loadextend' [/home/02-comp-arch-f/comparch_lab2/lab2/lab2/lab2.srcs/sources_1/imports/Desktop/riscv_single.sv:294]
WARNING: [HDL 9-3756] overwriting previous definition of module 'store' [/home/02-comp-arch-f/comparch_lab2/lab2/lab2/lab2.srcs/sources_1/imports/Desktop/riscv_single.sv:309]
WARNING: [HDL 9-3756] overwriting previous definition of module 'flopr' [/home/02-comp-arch-f/comparch_lab2/lab2/lab2/lab2.srcs/sources_1/imports/Desktop/riscv_single.sv:331]
WARNING: [HDL 9-3756] overwriting previous definition of module 'flopenr' [/home/02-comp-arch-f/comparch_lab2/lab2/lab2/lab2.srcs/sources_1/imports/Desktop/riscv_single.sv:342]
WARNING: [HDL 9-3756] overwriting previous definition of module 'mux2' [/home/02-comp-arch-f/comparch_lab2/lab2/lab2/lab2.srcs/sources_1/imports/Desktop/riscv_single.sv:353]
WARNING: [HDL 9-3756] overwriting previous definition of module 'mux3' [/home/02-comp-arch-f/comparch_lab2/lab2/lab2/lab2.srcs/sources_1/imports/Desktop/riscv_single.sv:362]
WARNING: [HDL 9-3756] overwriting previous definition of module 'mux4' [/home/02-comp-arch-f/comparch_lab2/lab2/lab2/lab2.srcs/sources_1/imports/Desktop/riscv_single.sv:371]
WARNING: [HDL 9-3756] overwriting previous definition of module 'alu' [/home/02-comp-arch-f/comparch_lab2/lab2/lab2/lab2.srcs/sources_1/imports/Desktop/riscv_single.sv:417]
WARNING: [HDL 9-3756] overwriting previous definition of module 'regfile' [/home/02-comp-arch-f/comparch_lab2/lab2/lab2/lab2.srcs/sources_1/imports/Desktop/riscv_single.sv:456]
WARNING: [filemgmt 20-1318] Duplicate Design Unit 'imem()' found in library 'xil_defaultlib'
Duplicate found at line 1 of file /home/02-comp-arch-f/comparch_lab2/lab2/lab2/src/imem.sv
	(Active) Duplicate found at line 395 of file /home/02-comp-arch-f/Desktop/riscv_single.sv
WARNING: [filemgmt 20-1318] Duplicate Design Unit 'riscvsingle()' found in library 'xil_defaultlib'
Duplicate found at line 69 of file /home/02-comp-arch-f/Desktop/riscv_single.sv
	(Active) Duplicate found at line 69 of file /home/02-comp-arch-f/comparch_lab2/lab2/lab2/lab2.srcs/sources_1/imports/Desktop/riscv_single.sv
WARNING: [filemgmt 20-1318] Duplicate Design Unit 'controller()' found in library 'xil_defaultlib'
Duplicate found at line 98 of file /home/02-comp-arch-f/Desktop/riscv_single.sv
	(Active) Duplicate found at line 99 of file /home/02-comp-arch-f/comparch_lab2/lab2/lab2/lab2.srcs/sources_1/imports/Desktop/riscv_single.sv
WARNING: [filemgmt 20-1318] Duplicate Design Unit 'maindec()' found in library 'xil_defaultlib'
Duplicate found at line 150 of file /home/02-comp-arch-f/Desktop/riscv_single.sv
	(Active) Duplicate found at line 151 of file /home/02-comp-arch-f/comparch_lab2/lab2/lab2/lab2.srcs/sources_1/imports/Desktop/riscv_single.sv
WARNING: [filemgmt 20-1318] Duplicate Design Unit 'aludec()' found in library 'xil_defaultlib'
Duplicate found at line 184 of file /home/02-comp-arch-f/Desktop/riscv_single.sv
	(Active) Duplicate found at line 185 of file /home/02-comp-arch-f/comparch_lab2/lab2/lab2/lab2.srcs/sources_1/imports/Desktop/riscv_single.sv
WARNING: [filemgmt 20-1318] Duplicate Design Unit 'datapath()' found in library 'xil_defaultlib'
Duplicate found at line 219 of file /home/02-comp-arch-f/Desktop/riscv_single.sv
	(Active) Duplicate found at line 220 of file /home/02-comp-arch-f/comparch_lab2/lab2/lab2/lab2.srcs/sources_1/imports/Desktop/riscv_single.sv
WARNING: [filemgmt 20-1318] Duplicate Design Unit 'adder()' found in library 'xil_defaultlib'
Duplicate found at line 264 of file /home/02-comp-arch-f/Desktop/riscv_single.sv
	(Active) Duplicate found at line 265 of file /home/02-comp-arch-f/comparch_lab2/lab2/lab2/lab2.srcs/sources_1/imports/Desktop/riscv_single.sv
WARNING: [filemgmt 20-1318] Duplicate Design Unit 'extend()' found in library 'xil_defaultlib'
Duplicate found at line 271 of file /home/02-comp-arch-f/Desktop/riscv_single.sv
	(Active) Duplicate found at line 272 of file /home/02-comp-arch-f/comparch_lab2/lab2/lab2/lab2.srcs/sources_1/imports/Desktop/riscv_single.sv
WARNING: [filemgmt 20-1318] Duplicate Design Unit 'loadextend()' found in library 'xil_defaultlib'
Duplicate found at line 293 of file /home/02-comp-arch-f/Desktop/riscv_single.sv
	(Active) Duplicate found at line 294 of file /home/02-comp-arch-f/comparch_lab2/lab2/lab2/lab2.srcs/sources_1/imports/Desktop/riscv_single.sv
WARNING: [filemgmt 20-1318] Duplicate Design Unit 'store()' found in library 'xil_defaultlib'
Duplicate found at line 308 of file /home/02-comp-arch-f/Desktop/riscv_single.sv
	(Active) Duplicate found at line 309 of file /home/02-comp-arch-f/comparch_lab2/lab2/lab2/lab2.srcs/sources_1/imports/Desktop/riscv_single.sv
WARNING: [filemgmt 20-1318] Duplicate Design Unit 'flopr()' found in library 'xil_defaultlib'
Duplicate found at line 330 of file /home/02-comp-arch-f/Desktop/riscv_single.sv
	(Active) Duplicate found at line 331 of file /home/02-comp-arch-f/comparch_lab2/lab2/lab2/lab2.srcs/sources_1/imports/Desktop/riscv_single.sv
WARNING: [filemgmt 20-1318] Duplicate Design Unit 'flopenr()' found in library 'xil_defaultlib'
Duplicate found at line 341 of file /home/02-comp-arch-f/Desktop/riscv_single.sv
	(Active) Duplicate found at line 342 of file /home/02-comp-arch-f/comparch_lab2/lab2/lab2/lab2.srcs/sources_1/imports/Desktop/riscv_single.sv
WARNING: [filemgmt 20-1318] Duplicate Design Unit 'mux2()' found in library 'xil_defaultlib'
Duplicate found at line 352 of file /home/02-comp-arch-f/Desktop/riscv_single.sv
	(Active) Duplicate found at line 353 of file /home/02-comp-arch-f/comparch_lab2/lab2/lab2/lab2.srcs/sources_1/imports/Desktop/riscv_single.sv
WARNING: [filemgmt 20-1318] Duplicate Design Unit 'mux3()' found in library 'xil_defaultlib'
Duplicate found at line 361 of file /home/02-comp-arch-f/Desktop/riscv_single.sv
	(Active) Duplicate found at line 362 of file /home/02-comp-arch-f/comparch_lab2/lab2/lab2/lab2.srcs/sources_1/imports/Desktop/riscv_single.sv
WARNING: [filemgmt 20-1318] Duplicate Design Unit 'mux4()' found in library 'xil_defaultlib'
Duplicate found at line 370 of file /home/02-comp-arch-f/Desktop/riscv_single.sv
	(Active) Duplicate found at line 371 of file /home/02-comp-arch-f/comparch_lab2/lab2/lab2/lab2.srcs/sources_1/imports/Desktop/riscv_single.sv
WARNING: [filemgmt 20-1318] Duplicate Design Unit 'alu()' found in library 'xil_defaultlib'
Duplicate found at line 416 of file /home/02-comp-arch-f/Desktop/riscv_single.sv
	(Active) Duplicate found at line 417 of file /home/02-comp-arch-f/comparch_lab2/lab2/lab2/lab2.srcs/sources_1/imports/Desktop/riscv_single.sv
WARNING: [filemgmt 20-1318] Duplicate Design Unit 'regfile()' found in library 'xil_defaultlib'
Duplicate found at line 455 of file /home/02-comp-arch-f/Desktop/riscv_single.sv
	(Active) Duplicate found at line 456 of file /home/02-comp-arch-f/comparch_lab2/lab2/lab2/lab2.srcs/sources_1/imports/Desktop/riscv_single.sv
INFO: [IP_Flow 19-6924] IPCACHE: Running cache check for IP inst: design_1_top_0_0
WARNING: [Vivado 12-4802] The synthesis checkpoint for IP '/home/02-comp-arch-f/comparch_lab2/lab2/lab2/lab2.srcs/sources_1/bd/design_1/ip/design_1_top_0_0/design_1_top_0_0.xci' is not generated and IP is locked. An out-of-context (OOC) run will be created and/or launched, but synthesis may not be able to complete or could result in incorrect behavior.
Please select 'Report IP Status' from the 'Tools/Report' menu or run Tcl command 'report_ip_status' for more information.
WARNING: [Runs 36-337] The following IPs are either missing output products or output products are not up-to-date for Synthesis target. Since these IPs are locked, no update to the output products can be done. 
Please select 'Report IP Status' from the 'Tools/Report' menu or run Tcl command 'report_ip_status' for more information.
/home/02-comp-arch-f/comparch_lab2/lab2/lab2/lab2.srcs/sources_1/bd/design_1/design_1.bd

WARNING: [Runs 36-337] The following IPs are either missing output products or output products are not up-to-date for Implementation target. Since these IPs are locked, no update to the output products can be done. 
Please select 'Report IP Status' from the 'Tools/Report' menu or run Tcl command 'report_ip_status' for more information.
/home/02-comp-arch-f/comparch_lab2/lab2/lab2/lab2.srcs/sources_1/bd/design_1/design_1.bd

[Fri Mar 14 16:24:51 2025] Launched design_1_top_0_0_synth_1...
Run output will be captured here: /home/02-comp-arch-f/comparch_lab2/lab2/lab2/lab2.runs/design_1_top_0_0_synth_1/runme.log
[Fri Mar 14 16:24:51 2025] Launched synth_1...
Run output will be captured here: /home/02-comp-arch-f/comparch_lab2/lab2/lab2/lab2.runs/synth_1/runme.log
generate_target all [get_files  /home/02-comp-arch-f/comparch_lab2/lab2/lab2/lab2.srcs/sources_1/bd/design_2/design_2.bd]
INFO: [BD 41-1637] Generated targets are already up-to-date for block design 'design_2' - hence not re-generating.
export_ip_user_files -of_objects [get_files /home/02-comp-arch-f/comparch_lab2/lab2/lab2/lab2.srcs/sources_1/bd/design_2/design_2.bd] -no_script -sync -force -quiet
INFO: [Vivado 12-23855] The given sub-design is auto disabled, no action will be taken: '/home/02-comp-arch-f/comparch_lab2/lab2/lab2/lab2.srcs/sources_1/bd/design_2/design_2.bd'
export_simulation -of_objects [get_files /home/02-comp-arch-f/comparch_lab2/lab2/lab2/lab2.srcs/sources_1/bd/design_2/design_2.bd] -directory /home/02-comp-arch-f/comparch_lab2/lab2/lab2/lab2.ip_user_files/sim_scripts -ip_user_files_dir /home/02-comp-arch-f/comparch_lab2/lab2/lab2/lab2.ip_user_files -ipstatic_source_dir /home/02-comp-arch-f/comparch_lab2/lab2/lab2/lab2.ip_user_files/ipstatic -lib_map_path [list {modelsim=/home/02-comp-arch-f/comparch_lab2/lab2/lab2/lab2.cache/compile_simlib/modelsim} {questa=/home/02-comp-arch-f/comparch_lab2/lab2/lab2/lab2.cache/compile_simlib/questa} {xcelium=/home/02-comp-arch-f/comparch_lab2/lab2/lab2/lab2.cache/compile_simlib/xcelium} {vcs=/home/02-comp-arch-f/comparch_lab2/lab2/lab2/lab2.cache/compile_simlib/vcs} {riviera=/home/02-comp-arch-f/comparch_lab2/lab2/lab2/lab2.cache/compile_simlib/riviera}] -use_ip_compiled_libs -force -quiet
reset_run design_1_top_0_0_synth_1
reset_run synth_1
launch_runs synth_1 -jobs 10
WARNING: [HDL 9-3756] overwriting previous definition of module 'imem' [/home/02-comp-arch-f/Desktop/riscv_single.sv:395]
WARNING: [HDL 9-3756] overwriting previous definition of module 'riscvsingle' [/home/02-comp-arch-f/comparch_lab2/lab2/lab2/lab2.srcs/sources_1/imports/Desktop/riscv_single.sv:69]
WARNING: [HDL 9-3756] overwriting previous definition of module 'controller' [/home/02-comp-arch-f/comparch_lab2/lab2/lab2/lab2.srcs/sources_1/imports/Desktop/riscv_single.sv:99]
WARNING: [HDL 9-3756] overwriting previous definition of module 'maindec' [/home/02-comp-arch-f/comparch_lab2/lab2/lab2/lab2.srcs/sources_1/imports/Desktop/riscv_single.sv:151]
WARNING: [HDL 9-3756] overwriting previous definition of module 'aludec' [/home/02-comp-arch-f/comparch_lab2/lab2/lab2/lab2.srcs/sources_1/imports/Desktop/riscv_single.sv:185]
WARNING: [HDL 9-3756] overwriting previous definition of module 'datapath' [/home/02-comp-arch-f/comparch_lab2/lab2/lab2/lab2.srcs/sources_1/imports/Desktop/riscv_single.sv:220]
WARNING: [HDL 9-3756] overwriting previous definition of module 'adder' [/home/02-comp-arch-f/comparch_lab2/lab2/lab2/lab2.srcs/sources_1/imports/Desktop/riscv_single.sv:265]
WARNING: [HDL 9-3756] overwriting previous definition of module 'extend' [/home/02-comp-arch-f/comparch_lab2/lab2/lab2/lab2.srcs/sources_1/imports/Desktop/riscv_single.sv:272]
WARNING: [HDL 9-3756] overwriting previous definition of module 'loadextend' [/home/02-comp-arch-f/comparch_lab2/lab2/lab2/lab2.srcs/sources_1/imports/Desktop/riscv_single.sv:294]
WARNING: [HDL 9-3756] overwriting previous definition of module 'store' [/home/02-comp-arch-f/comparch_lab2/lab2/lab2/lab2.srcs/sources_1/imports/Desktop/riscv_single.sv:309]
WARNING: [HDL 9-3756] overwriting previous definition of module 'flopr' [/home/02-comp-arch-f/comparch_lab2/lab2/lab2/lab2.srcs/sources_1/imports/Desktop/riscv_single.sv:331]
WARNING: [HDL 9-3756] overwriting previous definition of module 'flopenr' [/home/02-comp-arch-f/comparch_lab2/lab2/lab2/lab2.srcs/sources_1/imports/Desktop/riscv_single.sv:342]
WARNING: [HDL 9-3756] overwriting previous definition of module 'mux2' [/home/02-comp-arch-f/comparch_lab2/lab2/lab2/lab2.srcs/sources_1/imports/Desktop/riscv_single.sv:353]
WARNING: [HDL 9-3756] overwriting previous definition of module 'mux3' [/home/02-comp-arch-f/comparch_lab2/lab2/lab2/lab2.srcs/sources_1/imports/Desktop/riscv_single.sv:362]
WARNING: [HDL 9-3756] overwriting previous definition of module 'mux4' [/home/02-comp-arch-f/comparch_lab2/lab2/lab2/lab2.srcs/sources_1/imports/Desktop/riscv_single.sv:371]
WARNING: [HDL 9-3756] overwriting previous definition of module 'alu' [/home/02-comp-arch-f/comparch_lab2/lab2/lab2/lab2.srcs/sources_1/imports/Desktop/riscv_single.sv:417]
WARNING: [HDL 9-3756] overwriting previous definition of module 'regfile' [/home/02-comp-arch-f/comparch_lab2/lab2/lab2/lab2.srcs/sources_1/imports/Desktop/riscv_single.sv:456]
WARNING: [filemgmt 20-1318] Duplicate Design Unit 'imem()' found in library 'xil_defaultlib'
Duplicate found at line 1 of file /home/02-comp-arch-f/comparch_lab2/lab2/lab2/src/imem.sv
	(Active) Duplicate found at line 395 of file /home/02-comp-arch-f/Desktop/riscv_single.sv
WARNING: [filemgmt 20-1318] Duplicate Design Unit 'riscvsingle()' found in library 'xil_defaultlib'
Duplicate found at line 69 of file /home/02-comp-arch-f/Desktop/riscv_single.sv
	(Active) Duplicate found at line 69 of file /home/02-comp-arch-f/comparch_lab2/lab2/lab2/lab2.srcs/sources_1/imports/Desktop/riscv_single.sv
WARNING: [filemgmt 20-1318] Duplicate Design Unit 'controller()' found in library 'xil_defaultlib'
Duplicate found at line 98 of file /home/02-comp-arch-f/Desktop/riscv_single.sv
	(Active) Duplicate found at line 99 of file /home/02-comp-arch-f/comparch_lab2/lab2/lab2/lab2.srcs/sources_1/imports/Desktop/riscv_single.sv
WARNING: [filemgmt 20-1318] Duplicate Design Unit 'maindec()' found in library 'xil_defaultlib'
Duplicate found at line 150 of file /home/02-comp-arch-f/Desktop/riscv_single.sv
	(Active) Duplicate found at line 151 of file /home/02-comp-arch-f/comparch_lab2/lab2/lab2/lab2.srcs/sources_1/imports/Desktop/riscv_single.sv
WARNING: [filemgmt 20-1318] Duplicate Design Unit 'aludec()' found in library 'xil_defaultlib'
Duplicate found at line 184 of file /home/02-comp-arch-f/Desktop/riscv_single.sv
	(Active) Duplicate found at line 185 of file /home/02-comp-arch-f/comparch_lab2/lab2/lab2/lab2.srcs/sources_1/imports/Desktop/riscv_single.sv
WARNING: [filemgmt 20-1318] Duplicate Design Unit 'datapath()' found in library 'xil_defaultlib'
Duplicate found at line 219 of file /home/02-comp-arch-f/Desktop/riscv_single.sv
	(Active) Duplicate found at line 220 of file /home/02-comp-arch-f/comparch_lab2/lab2/lab2/lab2.srcs/sources_1/imports/Desktop/riscv_single.sv
WARNING: [filemgmt 20-1318] Duplicate Design Unit 'adder()' found in library 'xil_defaultlib'
Duplicate found at line 264 of file /home/02-comp-arch-f/Desktop/riscv_single.sv
	(Active) Duplicate found at line 265 of file /home/02-comp-arch-f/comparch_lab2/lab2/lab2/lab2.srcs/sources_1/imports/Desktop/riscv_single.sv
WARNING: [filemgmt 20-1318] Duplicate Design Unit 'extend()' found in library 'xil_defaultlib'
Duplicate found at line 271 of file /home/02-comp-arch-f/Desktop/riscv_single.sv
	(Active) Duplicate found at line 272 of file /home/02-comp-arch-f/comparch_lab2/lab2/lab2/lab2.srcs/sources_1/imports/Desktop/riscv_single.sv
WARNING: [filemgmt 20-1318] Duplicate Design Unit 'loadextend()' found in library 'xil_defaultlib'
Duplicate found at line 293 of file /home/02-comp-arch-f/Desktop/riscv_single.sv
	(Active) Duplicate found at line 294 of file /home/02-comp-arch-f/comparch_lab2/lab2/lab2/lab2.srcs/sources_1/imports/Desktop/riscv_single.sv
WARNING: [filemgmt 20-1318] Duplicate Design Unit 'store()' found in library 'xil_defaultlib'
Duplicate found at line 308 of file /home/02-comp-arch-f/Desktop/riscv_single.sv
	(Active) Duplicate found at line 309 of file /home/02-comp-arch-f/comparch_lab2/lab2/lab2/lab2.srcs/sources_1/imports/Desktop/riscv_single.sv
WARNING: [filemgmt 20-1318] Duplicate Design Unit 'flopr()' found in library 'xil_defaultlib'
Duplicate found at line 330 of file /home/02-comp-arch-f/Desktop/riscv_single.sv
	(Active) Duplicate found at line 331 of file /home/02-comp-arch-f/comparch_lab2/lab2/lab2/lab2.srcs/sources_1/imports/Desktop/riscv_single.sv
WARNING: [filemgmt 20-1318] Duplicate Design Unit 'flopenr()' found in library 'xil_defaultlib'
Duplicate found at line 341 of file /home/02-comp-arch-f/Desktop/riscv_single.sv
	(Active) Duplicate found at line 342 of file /home/02-comp-arch-f/comparch_lab2/lab2/lab2/lab2.srcs/sources_1/imports/Desktop/riscv_single.sv
WARNING: [filemgmt 20-1318] Duplicate Design Unit 'mux2()' found in library 'xil_defaultlib'
Duplicate found at line 352 of file /home/02-comp-arch-f/Desktop/riscv_single.sv
	(Active) Duplicate found at line 353 of file /home/02-comp-arch-f/comparch_lab2/lab2/lab2/lab2.srcs/sources_1/imports/Desktop/riscv_single.sv
WARNING: [filemgmt 20-1318] Duplicate Design Unit 'mux3()' found in library 'xil_defaultlib'
Duplicate found at line 361 of file /home/02-comp-arch-f/Desktop/riscv_single.sv
	(Active) Duplicate found at line 362 of file /home/02-comp-arch-f/comparch_lab2/lab2/lab2/lab2.srcs/sources_1/imports/Desktop/riscv_single.sv
WARNING: [filemgmt 20-1318] Duplicate Design Unit 'mux4()' found in library 'xil_defaultlib'
Duplicate found at line 370 of file /home/02-comp-arch-f/Desktop/riscv_single.sv
	(Active) Duplicate found at line 371 of file /home/02-comp-arch-f/comparch_lab2/lab2/lab2/lab2.srcs/sources_1/imports/Desktop/riscv_single.sv
WARNING: [filemgmt 20-1318] Duplicate Design Unit 'alu()' found in library 'xil_defaultlib'
Duplicate found at line 416 of file /home/02-comp-arch-f/Desktop/riscv_single.sv
	(Active) Duplicate found at line 417 of file /home/02-comp-arch-f/comparch_lab2/lab2/lab2/lab2.srcs/sources_1/imports/Desktop/riscv_single.sv
WARNING: [filemgmt 20-1318] Duplicate Design Unit 'regfile()' found in library 'xil_defaultlib'
Duplicate found at line 455 of file /home/02-comp-arch-f/Desktop/riscv_single.sv
	(Active) Duplicate found at line 456 of file /home/02-comp-arch-f/comparch_lab2/lab2/lab2/lab2.srcs/sources_1/imports/Desktop/riscv_single.sv
INFO: [IP_Flow 19-6924] IPCACHE: Running cache check for IP inst: design_1_top_0_0
WARNING: [Vivado 12-4802] The synthesis checkpoint for IP '/home/02-comp-arch-f/comparch_lab2/lab2/lab2/lab2.srcs/sources_1/bd/design_1/ip/design_1_top_0_0/design_1_top_0_0.xci' is not generated and IP is locked. An out-of-context (OOC) run will be created and/or launched, but synthesis may not be able to complete or could result in incorrect behavior.
Please select 'Report IP Status' from the 'Tools/Report' menu or run Tcl command 'report_ip_status' for more information.
WARNING: [Runs 36-337] The following IPs are either missing output products or output products are not up-to-date for Synthesis target. Since these IPs are locked, no update to the output products can be done. 
Please select 'Report IP Status' from the 'Tools/Report' menu or run Tcl command 'report_ip_status' for more information.
/home/02-comp-arch-f/comparch_lab2/lab2/lab2/lab2.srcs/sources_1/bd/design_1/design_1.bd

WARNING: [Runs 36-337] The following IPs are either missing output products or output products are not up-to-date for Implementation target. Since these IPs are locked, no update to the output products can be done. 
Please select 'Report IP Status' from the 'Tools/Report' menu or run Tcl command 'report_ip_status' for more information.
/home/02-comp-arch-f/comparch_lab2/lab2/lab2/lab2.srcs/sources_1/bd/design_1/design_1.bd

[Fri Mar 14 16:26:15 2025] Launched design_1_top_0_0_synth_1...
Run output will be captured here: /home/02-comp-arch-f/comparch_lab2/lab2/lab2/lab2.runs/design_1_top_0_0_synth_1/runme.log
[Fri Mar 14 16:26:15 2025] Launched synth_1...
Run output will be captured here: /home/02-comp-arch-f/comparch_lab2/lab2/lab2/lab2.runs/synth_1/runme.log
exit
INFO: [Common 17-206] Exiting Vivado at Fri Mar 14 16:27:09 2025...
